Component: ARM Compiler 6.12 Tool: armlink [5d624300]

==============================================================================

Section Cross References

    startup_stm32f030x6.o(STACK) refers (Special) to heapauxi.o(.text) for __use_two_region_memory
    startup_stm32f030x6.o(HEAP) refers (Special) to heapauxi.o(.text) for __use_two_region_memory
    startup_stm32f030x6.o(RESET) refers (Special) to heapauxi.o(.text) for __use_two_region_memory
    startup_stm32f030x6.o(RESET) refers to startup_stm32f030x6.o(STACK) for __initial_sp
    startup_stm32f030x6.o(RESET) refers to startup_stm32f030x6.o(.text) for Reset_Handler
    startup_stm32f030x6.o(RESET) refers to stm32f0xx_it.o(.text.NMI_Handler) for NMI_Handler
    startup_stm32f030x6.o(RESET) refers to stm32f0xx_it.o(.text.HardFault_Handler) for HardFault_Handler
    startup_stm32f030x6.o(RESET) refers to stm32f0xx_it.o(.text.SVC_Handler) for SVC_Handler
    startup_stm32f030x6.o(RESET) refers to stm32f0xx_it.o(.text.PendSV_Handler) for PendSV_Handler
    startup_stm32f030x6.o(RESET) refers to stm32f0xx_it.o(.text.SysTick_Handler) for SysTick_Handler
    startup_stm32f030x6.o(RESET) refers to stm32f0xx_it.o(.text.EXTI4_15_IRQHandler) for EXTI4_15_IRQHandler
    startup_stm32f030x6.o(.text) refers (Special) to heapauxi.o(.text) for __use_two_region_memory
    startup_stm32f030x6.o(.text) refers to system_stm32f0xx.o(.text.SystemInit) for SystemInit
    startup_stm32f030x6.o(.text) refers to __main.o(!!!main) for __main
    startup_stm32f030x6.o(.text) refers to startup_stm32f030x6.o(HEAP) for Heap_Mem
    startup_stm32f030x6.o(.text) refers to startup_stm32f030x6.o(STACK) for Stack_Mem
    chcontrol.o(.ARM.exidx.text._ZN9ChControlC2Ei) refers to chcontrol.o(.text._ZN9ChControlC2Ei) for [Anonymous Symbol]
    chcontrol.o(.text._ZN9ChControl7OperateEv) refers to stm32f0xx_hal_gpio.o(.text.HAL_GPIO_ReadPin) for HAL_GPIO_ReadPin
    chcontrol.o(.text._ZN9ChControl7OperateEv) refers to stm32f0xx_hal_gpio.o(.text.HAL_GPIO_WritePin) for HAL_GPIO_WritePin
    chcontrol.o(.ARM.exidx.text._ZN9ChControl7OperateEv) refers to chcontrol.o(.text._ZN9ChControl7OperateEv) for [Anonymous Symbol]
    chcontrol.o(.ARM.exidx.text._ZN9ChControl8SetStateEi) refers to chcontrol.o(.text._ZN9ChControl8SetStateEi) for [Anonymous Symbol]
    main.o(.text.main) refers to stm32f0xx_hal.o(.text.HAL_Init) for HAL_Init
    main.o(.text.main) refers to main.o(.text._Z18SystemClock_Configv) for SystemClock_Config()
    main.o(.text.main) refers to stm32f0xx_hal_cortex.o(.text.HAL_NVIC_SetPriority) for HAL_NVIC_SetPriority
    main.o(.text.main) refers to stm32f0xx_hal_cortex.o(.text.HAL_NVIC_EnableIRQ) for HAL_NVIC_EnableIRQ
    main.o(.text.main) refers to stm32f0xx_hal_uart.o(.text.HAL_UART_Init) for HAL_UART_Init
    main.o(.text.main) refers to stm32f0xx_hal_gpio.o(.text.HAL_GPIO_WritePin) for HAL_GPIO_WritePin
    main.o(.text.main) refers to stm32f0xx_hal_gpio.o(.text.HAL_GPIO_Init) for HAL_GPIO_Init
    main.o(.text.main) refers to main.o(.bss.huart1) for huart1
    main.o(.ARM.exidx.text.main) refers to main.o(.text.main) for [Anonymous Symbol]
    main.o(.text._Z18SystemClock_Configv) refers to rt_memclr.o(.text) for __aeabi_memclr4
    main.o(.text._Z18SystemClock_Configv) refers to stm32f0xx_hal_rcc.o(.text.HAL_RCC_OscConfig) for HAL_RCC_OscConfig
    main.o(.text._Z18SystemClock_Configv) refers to stm32f0xx_hal_rcc.o(.text.HAL_RCC_ClockConfig) for HAL_RCC_ClockConfig
    main.o(.text._Z18SystemClock_Configv) refers to stm32f0xx_hal_rcc_ex.o(.text.HAL_RCCEx_PeriphCLKConfig) for HAL_RCCEx_PeriphCLKConfig
    main.o(.ARM.exidx.text._Z18SystemClock_Configv) refers to main.o(.text._Z18SystemClock_Configv) for [Anonymous Symbol]
    main.o(.ARM.exidx.text.Error_Handler) refers to main.o(.text.Error_Handler) for [Anonymous Symbol]
    stm32f0xx_it.o(.ARM.exidx.text.NMI_Handler) refers to stm32f0xx_it.o(.text.NMI_Handler) for [Anonymous Symbol]
    stm32f0xx_it.o(.ARM.exidx.text.HardFault_Handler) refers to stm32f0xx_it.o(.text.HardFault_Handler) for [Anonymous Symbol]
    stm32f0xx_it.o(.ARM.exidx.text.SVC_Handler) refers to stm32f0xx_it.o(.text.SVC_Handler) for [Anonymous Symbol]
    stm32f0xx_it.o(.ARM.exidx.text.PendSV_Handler) refers to stm32f0xx_it.o(.text.PendSV_Handler) for [Anonymous Symbol]
    stm32f0xx_it.o(.text.SysTick_Handler) refers to stm32f0xx_hal.o(.text.HAL_IncTick) for HAL_IncTick
    stm32f0xx_it.o(.ARM.exidx.text.SysTick_Handler) refers to stm32f0xx_it.o(.text.SysTick_Handler) for [Anonymous Symbol]
    stm32f0xx_it.o(.text.EXTI4_15_IRQHandler) refers to stm32f0xx_hal_gpio.o(.text.HAL_GPIO_EXTI_IRQHandler) for HAL_GPIO_EXTI_IRQHandler
    stm32f0xx_it.o(.ARM.exidx.text.EXTI4_15_IRQHandler) refers to stm32f0xx_it.o(.text.EXTI4_15_IRQHandler) for [Anonymous Symbol]
    stm32f0xx_hal_msp.o(.ARM.exidx.text.HAL_MspInit) refers to stm32f0xx_hal_msp.o(.text.HAL_MspInit) for [Anonymous Symbol]
[...]
    Removing stm32f0xx_hal_uart.o(.ARM.exidx.text.HAL_UART_TxHalfCpltCallback), (8 bytes).
    Removing stm32f0xx_hal_uart.o(.text.HAL_UART_RxCpltCallback), (2 bytes).
    Removing stm32f0xx_hal_uart.o(.ARM.exidx.text.HAL_UART_RxCpltCallback), (8 bytes).
    Removing stm32f0xx_hal_uart.o(.text.HAL_UART_RxHalfCpltCallback), (2 bytes).
    Removing stm32f0xx_hal_uart.o(.ARM.exidx.text.HAL_UART_RxHalfCpltCallback), (8 bytes).
    Removing stm32f0xx_hal_uart.o(.text.HAL_UART_ReceiverTimeout_Config), (16 bytes).
    Removing stm32f0xx_hal_uart.o(.ARM.exidx.text.HAL_UART_ReceiverTimeout_Config), (8 bytes).
    Removing stm32f0xx_hal_uart.o(.text.HAL_UART_EnableReceiverTimeout), (50 bytes).
    Removing stm32f0xx_hal_uart.o(.ARM.exidx.text.HAL_UART_EnableReceiverTimeout), (8 bytes).
    Removing stm32f0xx_hal_uart.o(.text.HAL_UART_DisableReceiverTimeout), (50 bytes).
    Removing stm32f0xx_hal_uart.o(.ARM.exidx.text.HAL_UART_DisableReceiverTimeout), (8 bytes).
    Removing stm32f0xx_hal_uart.o(.text.HAL_MultiProcessor_EnableMuteMode), (46 bytes).
    Removing stm32f0xx_hal_uart.o(.ARM.exidx.text.HAL_MultiProcessor_EnableMuteMode), (8 bytes).
    Removing stm32f0xx_hal_uart.o(.text.HAL_MultiProcessor_DisableMuteMode), (46 bytes).
    Removing stm32f0xx_hal_uart.o(.ARM.exidx.text.HAL_MultiProcessor_DisableMuteMode), (8 bytes).
    Removing stm32f0xx_hal_uart.o(.text.HAL_MultiProcessor_EnterMuteMode), (12 bytes).
    Removing stm32f0xx_hal_uart.o(.ARM.exidx.text.HAL_MultiProcessor_EnterMuteMode), (8 bytes).
    Removing stm32f0xx_hal_uart.o(.text.HAL_HalfDuplex_EnableTransmitter), (50 bytes).
    Removing stm32f0xx_hal_uart.o(.ARM.exidx.text.HAL_HalfDuplex_EnableTransmitter), (8 bytes).
    Removing stm32f0xx_hal_uart.o(.text.HAL_HalfDuplex_EnableReceiver), (50 bytes).
    Removing stm32f0xx_hal_uart.o(.ARM.exidx.text.HAL_HalfDuplex_EnableReceiver), (8 bytes).
    Removing stm32f0xx_hal_uart.o(.text.HAL_UART_GetState), (8 bytes).
    Removing stm32f0xx_hal_uart.o(.ARM.exidx.text.HAL_UART_GetState), (8 bytes).
    Removing stm32f0xx_hal_uart.o(.text.HAL_UART_GetError), (4 bytes).
    Removing stm32f0xx_hal_uart.o(.ARM.exidx.text.HAL_UART_GetError), (8 bytes).
    Removing stm32f0xx_hal_uart_ex.o(.text), (0 bytes).
    Removing stm32f0xx_hal_uart_ex.o(.text.HAL_RS485Ex_Init), (136 bytes).
    Removing stm32f0xx_hal_uart_ex.o(.ARM.exidx.text.HAL_RS485Ex_Init), (8 bytes).
    Removing stm32f0xx_hal_uart_ex.o(.text.HAL_MultiProcessorEx_AddressLength_Set), (46 bytes).
    Removing stm32f0xx_hal_uart_ex.o(.ARM.exidx.text.HAL_MultiProcessorEx_AddressLength_Set), (8 bytes).
    Removing stm32f0xx_hal_rcc.o(.text), (0 bytes).
    Removing stm32f0xx_hal_rcc.o(.text.HAL_RCC_DeInit), (180 bytes).
    Removing stm32f0xx_hal_rcc.o(.ARM.exidx.text.HAL_RCC_DeInit), (8 bytes).
    Removing stm32f0xx_hal_rcc.o(.ARM.exidx.text.HAL_RCC_OscConfig), (8 bytes).
    Removing stm32f0xx_hal_rcc.o(.ARM.exidx.text.HAL_RCC_ClockConfig), (8 bytes).
    Removing stm32f0xx_hal_rcc.o(.ARM.exidx.text.HAL_RCC_GetSysClockFreq), (8 bytes).
    Removing stm32f0xx_hal_rcc.o(.text.HAL_RCC_MCOConfig), (80 bytes).
    Removing stm32f0xx_hal_rcc.o(.ARM.exidx.text.HAL_RCC_MCOConfig), (8 bytes).
    Removing stm32f0xx_hal_rcc.o(.text.HAL_RCC_EnableCSS), (20 bytes).
    Removing stm32f0xx_hal_rcc.o(.ARM.exidx.text.HAL_RCC_EnableCSS), (8 bytes).
    Removing stm32f0xx_hal_rcc.o(.text.HAL_RCC_DisableCSS), (20 bytes).
    Removing stm32f0xx_hal_rcc.o(.ARM.exidx.text.HAL_RCC_DisableCSS), (8 bytes).
    Removing stm32f0xx_hal_rcc.o(.text.HAL_RCC_GetHCLKFreq), (12 bytes).
    Removing stm32f0xx_hal_rcc.o(.ARM.exidx.text.HAL_RCC_GetHCLKFreq), (8 bytes).
    Removing stm32f0xx_hal_rcc.o(.ARM.exidx.text.HAL_RCC_GetPCLK1Freq), (8 bytes).
    Removing stm32f0xx_hal_rcc.o(.text.HAL_RCC_GetOscConfig), (132 bytes).
    Removing stm32f0xx_hal_rcc.o(.ARM.exidx.text.HAL_RCC_GetOscConfig), (8 bytes).
    Removing stm32f0xx_hal_rcc.o(.text.HAL_RCC_GetClockConfig), (52 bytes).
    Removing stm32f0xx_hal_rcc.o(.ARM.exidx.text.HAL_RCC_GetClockConfig), (8 bytes).
    Removing stm32f0xx_hal_rcc.o(.text.HAL_RCC_NMI_IRQHandler), (24 bytes).
    Removing stm32f0xx_hal_rcc.o(.ARM.exidx.text.HAL_RCC_NMI_IRQHandler), (8 bytes).
    Removing stm32f0xx_hal_rcc.o(.text.HAL_RCC_CSSCallback), (2 bytes).
    Removing stm32f0xx_hal_rcc.o(.ARM.exidx.text.HAL_RCC_CSSCallback), (8 bytes).
    Removing stm32f0xx_hal_rcc_ex.o(.text), (0 bytes).
    Removing stm32f0xx_hal_rcc_ex.o(.ARM.exidx.text.HAL_RCCEx_PeriphCLKConfig), (8 bytes).
    Removing stm32f0xx_hal_rcc_ex.o(.text.HAL_RCCEx_GetPeriphCLKConfig), (44 bytes).
    Removing stm32f0xx_hal_rcc_ex.o(.ARM.exidx.text.HAL_RCCEx_GetPeriphCLKConfig), (8 bytes).
    Removing stm32f0xx_hal_rcc_ex.o(.text.HAL_RCCEx_GetPeriphCLKFreq), (160 bytes).
    Removing stm32f0xx_hal_rcc_ex.o(.ARM.exidx.text.HAL_RCCEx_GetPeriphCLKFreq), (8 bytes).
    Removing stm32f0xx_hal.o(.text), (0 bytes).
    Removing stm32f0xx_hal.o(.ARM.exidx.text.HAL_Init), (8 bytes).
    Removing stm32f0xx_hal.o(.ARM.exidx.text.HAL_InitTick), (8 bytes).
    Removing stm32f0xx_hal.o(.text.HAL_MspInit), (2 bytes).
    Removing stm32f0xx_hal.o(.ARM.exidx.text.HAL_MspInit), (8 bytes).
    Removing stm32f0xx_hal.o(.text.HAL_DeInit), (32 bytes).
    Removing stm32f0xx_hal.o(.ARM.exidx.text.HAL_DeInit), (8 bytes).
    Removing stm32f0xx_hal.o(.text.HAL_MspDeInit), (2 bytes).
    Removing stm32f0xx_hal.o(.ARM.exidx.text.HAL_MspDeInit), (8 bytes).
    Removing stm32f0xx_hal.o(.ARM.exidx.text.HAL_IncTick), (8 bytes).
    Removing stm32f0xx_hal.o(.ARM.exidx.text.HAL_GetTick), (8 bytes).
    Removing stm32f0xx_hal.o(.text.HAL_GetTickPrio), (12 bytes).
    Removing stm32f0xx_hal.o(.ARM.exidx.text.HAL_GetTickPrio), (8 bytes).
    Removing stm32f0xx_hal.o(.text.HAL_SetTickFreq), (36 bytes).
    Removing stm32f0xx_hal.o(.ARM.exidx.text.HAL_SetTickFreq), (8 bytes).
    Removing stm32f0xx_hal.o(.text.HAL_GetTickFreq), (12 bytes).
    Removing stm32f0xx_hal.o(.ARM.exidx.text.HAL_GetTickFreq), (8 bytes).
    Removing stm32f0xx_hal.o(.text.HAL_Delay), (36 bytes).
    Removing stm32f0xx_hal.o(.ARM.exidx.text.HAL_Delay), (8 bytes).
    Removing stm32f0xx_hal.o(.text.HAL_SuspendTick), (16 bytes).
    Removing stm32f0xx_hal.o(.ARM.exidx.text.HAL_SuspendTick), (8 bytes).
    Removing stm32f0xx_hal.o(.text.HAL_ResumeTick), (16 bytes).
    Removing stm32f0xx_hal.o(.ARM.exidx.text.HAL_ResumeTick), (8 bytes).
    Removing stm32f0xx_hal.o(.text.HAL_GetHalVersion), (8 bytes).
    Removing stm32f0xx_hal.o(.ARM.exidx.text.HAL_GetHalVersion), (8 bytes).
    Removing stm32f0xx_hal.o(.text.HAL_GetREVID), (12 bytes).
    Removing stm32f0xx_hal.o(.ARM.exidx.text.HAL_GetREVID), (8 bytes).
    Removing stm32f0xx_hal.o(.text.HAL_GetDEVID), (20 bytes).
    Removing stm32f0xx_hal.o(.ARM.exidx.text.HAL_GetDEVID), (8 bytes).
    Removing stm32f0xx_hal.o(.text.HAL_GetUIDw0), (12 bytes).
    Removing stm32f0xx_hal.o(.ARM.exidx.text.HAL_GetUIDw0), (8 bytes).
    Removing stm32f0xx_hal.o(.text.HAL_GetUIDw1), (12 bytes).
    Removing stm32f0xx_hal.o(.ARM.exidx.text.HAL_GetUIDw1), (8 bytes).
    Removing stm32f0xx_hal.o(.text.HAL_GetUIDw2), (12 bytes).
    Removing stm32f0xx_hal.o(.ARM.exidx.text.HAL_GetUIDw2), (8 bytes).
    Removing stm32f0xx_hal.o(.text.HAL_DBGMCU_EnableDBGStopMode), (16 bytes).
    Removing stm32f0xx_hal.o(.ARM.exidx.text.HAL_DBGMCU_EnableDBGStopMode), (8 bytes).
    Removing stm32f0xx_hal.o(.text.HAL_DBGMCU_DisableDBGStopMode), (16 bytes).
    Removing stm32f0xx_hal.o(.ARM.exidx.text.HAL_DBGMCU_DisableDBGStopMode), (8 bytes).
    Removing stm32f0xx_hal.o(.text.HAL_DBGMCU_EnableDBGStandbyMode), (16 bytes).
    Removing stm32f0xx_hal.o(.ARM.exidx.text.HAL_DBGMCU_EnableDBGStandbyMode), (8 bytes).
    Removing stm32f0xx_hal.o(.text.HAL_DBGMCU_DisableDBGStandbyMode), (16 bytes).
    Removing stm32f0xx_hal.o(.ARM.exidx.text.HAL_DBGMCU_DisableDBGStandbyMode), (8 bytes).
    Removing stm32f0xx_hal_i2c.o(.text), (0 bytes).
    Removing stm32f0xx_hal_i2c.o(.text.HAL_I2C_Init), (168 bytes).
    Removing stm32f0xx_hal_i2c.o(.ARM.exidx.text.HAL_I2C_Init), (8 bytes).
    Removing stm32f0xx_hal_i2c.o(.text.HAL_I2C_MspInit), (2 bytes).
    Removing stm32f0xx_hal_i2c.o(.ARM.exidx.text.HAL_I2C_MspInit), (8 bytes).
    Removing stm32f0xx_hal_i2c.o(.text.HAL_I2C_DeInit), (52 bytes).
    Removing stm32f0xx_hal_i2c.o(.ARM.exidx.text.HAL_I2C_DeInit), (8 bytes).
    Removing stm32f0xx_hal_i2c.o(.text.HAL_I2C_MspDeInit), (2 bytes).
    Removing stm32f0xx_hal_i2c.o(.ARM.exidx.text.HAL_I2C_MspDeInit), (8 bytes).
    Removing stm32f0xx_hal_i2c.o(.text.HAL_I2C_Master_Transmit), (328 bytes).
    Removing stm32f0xx_hal_i2c.o(.ARM.exidx.text.HAL_I2C_Master_Transmit), (8 bytes).
    Removing stm32f0xx_hal_i2c.o(.text.I2C_WaitOnFlagUntilTimeout), (82 bytes).
    Removing stm32f0xx_hal_i2c.o(.ARM.exidx.text.I2C_WaitOnFlagUntilTimeout), (8 bytes).
    Removing stm32f0xx_hal_i2c.o(.text.I2C_TransferConfig), (44 bytes).
    Removing stm32f0xx_hal_i2c.o(.ARM.exidx.text.I2C_TransferConfig), (8 bytes).
    Removing stm32f0xx_hal_i2c.o(.text.I2C_WaitOnTXISFlagUntilTimeout), (82 bytes).
    Removing stm32f0xx_hal_i2c.o(.ARM.exidx.text.I2C_WaitOnTXISFlagUntilTimeout), (8 bytes).
    Removing stm32f0xx_hal_i2c.o(.text.I2C_WaitOnSTOPFlagUntilTimeout), (78 bytes).
    Removing stm32f0xx_hal_i2c.o(.ARM.exidx.text.I2C_WaitOnSTOPFlagUntilTimeout), (8 bytes).
    Removing stm32f0xx_hal_i2c.o(.text.HAL_I2C_Master_Receive), (332 bytes).
    Removing stm32f0xx_hal_i2c.o(.ARM.exidx.text.HAL_I2C_Master_Receive), (8 bytes).
    Removing stm32f0xx_hal_i2c.o(.text.I2C_WaitOnRXNEFlagUntilTimeout), (148 bytes).
    Removing stm32f0xx_hal_i2c.o(.ARM.exidx.text.I2C_WaitOnRXNEFlagUntilTimeout), (8 bytes).
    Removing stm32f0xx_hal_i2c.o(.text.HAL_I2C_Slave_Transmit), (344 bytes).
    Removing stm32f0xx_hal_i2c.o(.ARM.exidx.text.HAL_I2C_Slave_Transmit), (8 bytes).
    Removing stm32f0xx_hal_i2c.o(.text.HAL_I2C_Slave_Receive), (324 bytes).
    Removing stm32f0xx_hal_i2c.o(.ARM.exidx.text.HAL_I2C_Slave_Receive), (8 bytes).
    Removing stm32f0xx_hal_i2c.o(.text.HAL_I2C_Master_Transmit_IT), (128 bytes).
    Removing stm32f0xx_hal_i2c.o(.ARM.exidx.text.HAL_I2C_Master_Transmit_IT), (8 bytes).
    Removing stm32f0xx_hal_i2c.o(.text.I2C_Master_ISR_IT), (320 bytes).
    Removing stm32f0xx_hal_i2c.o(.ARM.exidx.text.I2C_Master_ISR_IT), (8 bytes).
    Removing stm32f0xx_hal_i2c.o(.text.I2C_Enable_IRQ), (96 bytes).
    Removing stm32f0xx_hal_i2c.o(.ARM.exidx.text.I2C_Enable_IRQ), (8 bytes).
    Removing stm32f0xx_hal_i2c.o(.text.HAL_I2C_Master_Receive_IT), (128 bytes).
    Removing stm32f0xx_hal_i2c.o(.ARM.exidx.text.HAL_I2C_Master_Receive_IT), (8 bytes).
    Removing stm32f0xx_hal_i2c.o(.text.HAL_I2C_Slave_Transmit_IT), (92 bytes).
    Removing stm32f0xx_hal_i2c.o(.ARM.exidx.text.HAL_I2C_Slave_Transmit_IT), (8 bytes).
    Removing stm32f0xx_hal_i2c.o(.text.I2C_Slave_ISR_IT), (280 bytes).
    Removing stm32f0xx_hal_i2c.o(.ARM.exidx.text.I2C_Slave_ISR_IT), (8 bytes).
    Removing stm32f0xx_hal_i2c.o(.text.HAL_I2C_Slave_Receive_IT), (92 bytes).
    Removing stm32f0xx_hal_i2c.o(.ARM.exidx.text.HAL_I2C_Slave_Receive_IT), (8 bytes).
    Removing stm32f0xx_hal_i2c.o(.text.HAL_I2C_Master_Transmit_DMA), (312 bytes).
    Removing stm32f0xx_hal_i2c.o(.ARM.exidx.text.HAL_I2C_Master_Transmit_DMA), (8 bytes).
    Removing stm32f0xx_hal_i2c.o(.text.I2C_Master_ISR_DMA), (256 bytes).
    Removing stm32f0xx_hal_i2c.o(.ARM.exidx.text.I2C_Master_ISR_DMA), (8 bytes).
    Removing stm32f0xx_hal_i2c.o(.text.I2C_DMAMasterTransmitCplt), (76 bytes).
    Removing stm32f0xx_hal_i2c.o(.ARM.exidx.text.I2C_DMAMasterTransmitCplt), (8 bytes).
    Removing stm32f0xx_hal_i2c.o(.text.I2C_DMAError), (24 bytes).
    Removing stm32f0xx_hal_i2c.o(.ARM.exidx.text.I2C_DMAError), (8 bytes).
    Removing stm32f0xx_hal_i2c.o(.text.HAL_I2C_Master_Receive_DMA), (312 bytes).
    Removing stm32f0xx_hal_i2c.o(.ARM.exidx.text.HAL_I2C_Master_Receive_DMA), (8 bytes).
    Removing stm32f0xx_hal_i2c.o(.text.I2C_DMAMasterReceiveCplt), (76 bytes).
    Removing stm32f0xx_hal_i2c.o(.ARM.exidx.text.I2C_DMAMasterReceiveCplt), (8 bytes).
    Removing stm32f0xx_hal_i2c.o(.text.HAL_I2C_Slave_Transmit_DMA), (212 bytes).
    Removing stm32f0xx_hal_i2c.o(.ARM.exidx.text.HAL_I2C_Slave_Transmit_DMA), (8 bytes).
    Removing stm32f0xx_hal_i2c.o(.text.I2C_Slave_ISR_DMA), (252 bytes).
    Removing stm32f0xx_hal_i2c.o(.ARM.exidx.text.I2C_Slave_ISR_DMA), (8 bytes).
    Removing stm32f0xx_hal_i2c.o(.text.I2C_DMASlaveTransmitCplt), (32 bytes).
    Removing stm32f0xx_hal_i2c.o(.ARM.exidx.text.I2C_DMASlaveTransmitCplt), (8 bytes).
    Removing stm32f0xx_hal_i2c.o(.text.HAL_I2C_Slave_Receive_DMA), (216 bytes).
    Removing stm32f0xx_hal_i2c.o(.ARM.exidx.text.HAL_I2C_Slave_Receive_DMA), (8 bytes).
    Removing stm32f0xx_hal_i2c.o(.text.I2C_DMASlaveReceiveCplt), (44 bytes).
    Removing stm32f0xx_hal_i2c.o(.ARM.exidx.text.I2C_DMASlaveReceiveCplt), (8 bytes).
    Removing stm32f0xx_hal_i2c.o(.text.HAL_I2C_Mem_Write), (384 bytes).
    Removing stm32f0xx_hal_i2c.o(.ARM.exidx.text.HAL_I2C_Mem_Write), (8 bytes).
    Removing stm32f0xx_hal_i2c.o(.text.I2C_RequestMemoryWrite), (120 bytes).
    Removing stm32f0xx_hal_i2c.o(.ARM.exidx.text.I2C_RequestMemoryWrite), (8 bytes).
    Removing stm32f0xx_hal_i2c.o(.text.HAL_I2C_Mem_Read), (400 bytes).
    Removing stm32f0xx_hal_i2c.o(.ARM.exidx.text.HAL_I2C_Mem_Read), (8 bytes).
    Removing stm32f0xx_hal_i2c.o(.text.I2C_RequestMemoryRead), (108 bytes).
    Removing stm32f0xx_hal_i2c.o(.ARM.exidx.text.I2C_RequestMemoryRead), (8 bytes).
    Removing stm32f0xx_hal_i2c.o(.text.HAL_I2C_Mem_Write_IT), (212 bytes).
    Removing stm32f0xx_hal_i2c.o(.ARM.exidx.text.HAL_I2C_Mem_Write_IT), (8 bytes).
    Removing stm32f0xx_hal_i2c.o(.text.HAL_I2C_Mem_Read_IT), (216 bytes).
    Removing stm32f0xx_hal_i2c.o(.ARM.exidx.text.HAL_I2C_Mem_Read_IT), (8 bytes).
    Removing stm32f0xx_hal_i2c.o(.text.HAL_I2C_Mem_Write_DMA), (320 bytes).
    Removing stm32f0xx_hal_i2c.o(.ARM.exidx.text.HAL_I2C_Mem_Write_DMA), (8 bytes).
    Removing stm32f0xx_hal_i2c.o(.text.HAL_I2C_Mem_Read_DMA), (324 bytes).
    Removing stm32f0xx_hal_i2c.o(.ARM.exidx.text.HAL_I2C_Mem_Read_DMA), (8 bytes).
    Removing stm32f0xx_hal_i2c.o(.text.HAL_I2C_IsDeviceReady), (316 bytes).
    Removing stm32f0xx_hal_i2c.o(.ARM.exidx.text.HAL_I2C_IsDeviceReady), (8 bytes).
    Removing stm32f0xx_hal_i2c.o(.text.HAL_I2C_Master_Seq_Transmit_IT), (172 bytes).
    Removing stm32f0xx_hal_i2c.o(.ARM.exidx.text.HAL_I2C_Master_Seq_Transmit_IT), (8 bytes).
    Removing stm32f0xx_hal_i2c.o(.text.I2C_ConvertOtherXferOptions), (28 bytes).
    Removing stm32f0xx_hal_i2c.o(.ARM.exidx.text.I2C_ConvertOtherXferOptions), (8 bytes).
    Removing stm32f0xx_hal_i2c.o(.text.HAL_I2C_Master_Seq_Transmit_DMA), (356 bytes).
    Removing stm32f0xx_hal_i2c.o(.ARM.exidx.text.HAL_I2C_Master_Seq_Transmit_DMA), (8 bytes).
    Removing stm32f0xx_hal_i2c.o(.text.HAL_I2C_Master_Seq_Receive_IT), (172 bytes).
    Removing stm32f0xx_hal_i2c.o(.ARM.exidx.text.HAL_I2C_Master_Seq_Receive_IT), (8 bytes).
    Removing stm32f0xx_hal_i2c.o(.text.HAL_I2C_Master_Seq_Receive_DMA), (356 bytes).
    Removing stm32f0xx_hal_i2c.o(.ARM.exidx.text.HAL_I2C_Master_Seq_Receive_DMA), (8 bytes).
    Removing stm32f0xx_hal_i2c.o(.text.HAL_I2C_Slave_Seq_Transmit_IT), (220 bytes).
    Removing stm32f0xx_hal_i2c.o(.ARM.exidx.text.HAL_I2C_Slave_Seq_Transmit_IT), (8 bytes).
    Removing stm32f0xx_hal_i2c.o(.text.I2C_Disable_IRQ), (98 bytes).
    Removing stm32f0xx_hal_i2c.o(.ARM.exidx.text.I2C_Disable_IRQ), (8 bytes).
    Removing stm32f0xx_hal_i2c.o(.text.I2C_DMAAbort), (42 bytes).
    Removing stm32f0xx_hal_i2c.o(.ARM.exidx.text.I2C_DMAAbort), (8 bytes).
    Removing stm32f0xx_hal_i2c.o(.text.HAL_I2C_Slave_Seq_Transmit_DMA), (380 bytes).
    Removing stm32f0xx_hal_i2c.o(.ARM.exidx.text.HAL_I2C_Slave_Seq_Transmit_DMA), (8 bytes).
    Removing stm32f0xx_hal_i2c.o(.text.HAL_I2C_Slave_Seq_Receive_IT), (228 bytes).
    Removing stm32f0xx_hal_i2c.o(.ARM.exidx.text.HAL_I2C_Slave_Seq_Receive_IT), (8 bytes).
    Removing stm32f0xx_hal_i2c.o(.text.HAL_I2C_Slave_Seq_Receive_DMA), (388 bytes).
    Removing stm32f0xx_hal_i2c.o(.ARM.exidx.text.HAL_I2C_Slave_Seq_Receive_DMA), (8 bytes).
    Removing stm32f0xx_hal_i2c.o(.text.HAL_I2C_EnableListen_IT), (40 bytes).
    Removing stm32f0xx_hal_i2c.o(.ARM.exidx.text.HAL_I2C_EnableListen_IT), (8 bytes).
    Removing stm32f0xx_hal_i2c.o(.text.HAL_I2C_DisableListen_IT), (54 bytes).
    Removing stm32f0xx_hal_i2c.o(.ARM.exidx.text.HAL_I2C_DisableListen_IT), (8 bytes).
    Removing stm32f0xx_hal_i2c.o(.text.HAL_I2C_Master_Abort_IT), (100 bytes).
    Removing stm32f0xx_hal_i2c.o(.ARM.exidx.text.HAL_I2C_Master_Abort_IT), (8 bytes).
    Removing stm32f0xx_hal_i2c.o(.text.HAL_I2C_EV_IRQHandler), (18 bytes).
    Removing stm32f0xx_hal_i2c.o(.ARM.exidx.text.HAL_I2C_EV_IRQHandler), (8 bytes).
    Removing stm32f0xx_hal_i2c.o(.text.HAL_I2C_ER_IRQHandler), (86 bytes).
    Removing stm32f0xx_hal_i2c.o(.ARM.exidx.text.HAL_I2C_ER_IRQHandler), (8 bytes).
    Removing stm32f0xx_hal_i2c.o(.text.I2C_ITError), (220 bytes).
    Removing stm32f0xx_hal_i2c.o(.ARM.exidx.text.I2C_ITError), (8 bytes).
    Removing stm32f0xx_hal_i2c.o(.text.HAL_I2C_MasterTxCpltCallback), (2 bytes).
    Removing stm32f0xx_hal_i2c.o(.ARM.exidx.text.HAL_I2C_MasterTxCpltCallback), (8 bytes).
    Removing stm32f0xx_hal_i2c.o(.text.HAL_I2C_MasterRxCpltCallback), (2 bytes).
    Removing stm32f0xx_hal_i2c.o(.ARM.exidx.text.HAL_I2C_MasterRxCpltCallback), (8 bytes).
    Removing stm32f0xx_hal_i2c.o(.text.HAL_I2C_SlaveTxCpltCallback), (2 bytes).
    Removing stm32f0xx_hal_i2c.o(.ARM.exidx.text.HAL_I2C_SlaveTxCpltCallback), (8 bytes).
    Removing stm32f0xx_hal_i2c.o(.text.HAL_I2C_SlaveRxCpltCallback), (2 bytes).
    Removing stm32f0xx_hal_i2c.o(.ARM.exidx.text.HAL_I2C_SlaveRxCpltCallback), (8 bytes).
    Removing stm32f0xx_hal_i2c.o(.text.HAL_I2C_AddrCallback), (2 bytes).
    Removing stm32f0xx_hal_i2c.o(.ARM.exidx.text.HAL_I2C_AddrCallback), (8 bytes).
    Removing stm32f0xx_hal_i2c.o(.text.HAL_I2C_ListenCpltCallback), (2 bytes).
    Removing stm32f0xx_hal_i2c.o(.ARM.exidx.text.HAL_I2C_ListenCpltCallback), (8 bytes).
    Removing stm32f0xx_hal_i2c.o(.text.HAL_I2C_MemTxCpltCallback), (2 bytes).
    Removing stm32f0xx_hal_i2c.o(.ARM.exidx.text.HAL_I2C_MemTxCpltCallback), (8 bytes).
    Removing stm32f0xx_hal_i2c.o(.text.HAL_I2C_MemRxCpltCallback), (2 bytes).
    Removing stm32f0xx_hal_i2c.o(.ARM.exidx.text.HAL_I2C_MemRxCpltCallback), (8 bytes).
    Removing stm32f0xx_hal_i2c.o(.text.HAL_I2C_ErrorCallback), (2 bytes).
    Removing stm32f0xx_hal_i2c.o(.ARM.exidx.text.HAL_I2C_ErrorCallback), (8 bytes).
    Removing stm32f0xx_hal_i2c.o(.text.HAL_I2C_AbortCpltCallback), (2 bytes).
    Removing stm32f0xx_hal_i2c.o(.ARM.exidx.text.HAL_I2C_AbortCpltCallback), (8 bytes).
    Removing stm32f0xx_hal_i2c.o(.text.HAL_I2C_GetState), (6 bytes).
    Removing stm32f0xx_hal_i2c.o(.ARM.exidx.text.HAL_I2C_GetState), (8 bytes).
    Removing stm32f0xx_hal_i2c.o(.text.HAL_I2C_GetMode), (6 bytes).
    Removing stm32f0xx_hal_i2c.o(.ARM.exidx.text.HAL_I2C_GetMode), (8 bytes).
    Removing stm32f0xx_hal_i2c.o(.text.HAL_I2C_GetError), (4 bytes).
    Removing stm32f0xx_hal_i2c.o(.ARM.exidx.text.HAL_I2C_GetError), (8 bytes).
    Removing stm32f0xx_hal_i2c.o(.text.I2C_Flush_TXDR), (28 bytes).
    Removing stm32f0xx_hal_i2c.o(.ARM.exidx.text.I2C_Flush_TXDR), (8 bytes).
    Removing stm32f0xx_hal_i2c.o(.text.I2C_ITMasterSeqCplt), (74 bytes).
    Removing stm32f0xx_hal_i2c.o(.ARM.exidx.text.I2C_ITMasterSeqCplt), (8 bytes).
    Removing stm32f0xx_hal_i2c.o(.text.I2C_ITMasterCplt), (168 bytes).
    Removing stm32f0xx_hal_i2c.o(.ARM.exidx.text.I2C_ITMasterCplt), (8 bytes).
    Removing stm32f0xx_hal_i2c.o(.text.I2C_ITSlaveCplt), (240 bytes).
    Removing stm32f0xx_hal_i2c.o(.ARM.exidx.text.I2C_ITSlaveCplt), (8 bytes).
    Removing stm32f0xx_hal_i2c.o(.text.I2C_ITListenCplt), (96 bytes).
    Removing stm32f0xx_hal_i2c.o(.ARM.exidx.text.I2C_ITListenCplt), (8 bytes).
    Removing stm32f0xx_hal_i2c.o(.text.I2C_ITSlaveSeqCplt), (84 bytes).
    Removing stm32f0xx_hal_i2c.o(.ARM.exidx.text.I2C_ITSlaveSeqCplt), (8 bytes).
    Removing stm32f0xx_hal_i2c.o(.text.I2C_ITAddrCplt), (164 bytes).
    Removing stm32f0xx_hal_i2c.o(.ARM.exidx.text.I2C_ITAddrCplt), (8 bytes).
    Removing stm32f0xx_hal_i2c.o(.text.I2C_IsAcknowledgeFailed), (108 bytes).
    Removing stm32f0xx_hal_i2c.o(.ARM.exidx.text.I2C_IsAcknowledgeFailed), (8 bytes).
    Removing stm32f0xx_hal_i2c_ex.o(.text), (0 bytes).
    Removing stm32f0xx_hal_i2c_ex.o(.text.HAL_I2CEx_ConfigAnalogFilter), (72 bytes).
    Removing stm32f0xx_hal_i2c_ex.o(.ARM.exidx.text.HAL_I2CEx_ConfigAnalogFilter), (8 bytes).
    Removing stm32f0xx_hal_i2c_ex.o(.text.HAL_I2CEx_ConfigDigitalFilter), (72 bytes).
    Removing stm32f0xx_hal_i2c_ex.o(.ARM.exidx.text.HAL_I2CEx_ConfigDigitalFilter), (8 bytes).
    Removing stm32f0xx_hal_i2c_ex.o(.text.HAL_I2CEx_EnableFastModePlus), (40 bytes).
    Removing stm32f0xx_hal_i2c_ex.o(.ARM.exidx.text.HAL_I2CEx_EnableFastModePlus), (8 bytes).
    Removing stm32f0xx_hal_i2c_ex.o(.text.HAL_I2CEx_DisableFastModePlus), (40 bytes).
    Removing stm32f0xx_hal_i2c_ex.o(.ARM.exidx.text.HAL_I2CEx_DisableFastModePlus), (8 bytes).
    Removing stm32f0xx_hal_gpio.o(.text), (0 bytes).
    Removing stm32f0xx_hal_gpio.o(.ARM.exidx.text.HAL_GPIO_Init), (8 bytes).
    Removing stm32f0xx_hal_gpio.o(.text.HAL_GPIO_DeInit), (248 bytes).
    Removing stm32f0xx_hal_gpio.o(.ARM.exidx.text.HAL_GPIO_DeInit), (8 bytes).
    Removing stm32f0xx_hal_gpio.o(.text.HAL_GPIO_ReadPin), (12 bytes).
    Removing stm32f0xx_hal_gpio.o(.ARM.exidx.text.HAL_GPIO_ReadPin), (8 bytes).
    Removing stm32f0xx_hal_gpio.o(.ARM.exidx.text.HAL_GPIO_WritePin), (8 bytes).
    Removing stm32f0xx_hal_gpio.o(.text.HAL_GPIO_TogglePin), (12 bytes).
    Removing stm32f0xx_hal_gpio.o(.ARM.exidx.text.HAL_GPIO_TogglePin), (8 bytes).
    Removing stm32f0xx_hal_gpio.o(.text.HAL_GPIO_LockPin), (40 bytes).
    Removing stm32f0xx_hal_gpio.o(.ARM.exidx.text.HAL_GPIO_LockPin), (8 bytes).
    Removing stm32f0xx_hal_gpio.o(.ARM.exidx.text.HAL_GPIO_EXTI_IRQHandler), (8 bytes).
    Removing stm32f0xx_hal_gpio.o(.ARM.exidx.text.HAL_GPIO_EXTI_Callback), (8 bytes).
    Removing stm32f0xx_hal_dma.o(.text), (0 bytes).
    Removing stm32f0xx_hal_dma.o(.text.HAL_DMA_Init), (120 bytes).
    Removing stm32f0xx_hal_dma.o(.ARM.exidx.text.HAL_DMA_Init), (8 bytes).
    Removing stm32f0xx_hal_dma.o(.text.HAL_DMA_DeInit), (88 bytes).
    Removing stm32f0xx_hal_dma.o(.ARM.exidx.text.HAL_DMA_DeInit), (8 bytes).
    Removing stm32f0xx_hal_dma.o(.text.HAL_DMA_Start), (76 bytes).
    Removing stm32f0xx_hal_dma.o(.ARM.exidx.text.HAL_DMA_Start), (8 bytes).
    Removing stm32f0xx_hal_dma.o(.text.DMA_SetConfig), (38 bytes).
    Removing stm32f0xx_hal_dma.o(.ARM.exidx.text.DMA_SetConfig), (8 bytes).
    Removing stm32f0xx_hal_dma.o(.text.HAL_DMA_Start_IT), (104 bytes).
    Removing stm32f0xx_hal_dma.o(.ARM.exidx.text.HAL_DMA_Start_IT), (8 bytes).
    Removing stm32f0xx_hal_dma.o(.text.HAL_DMA_Abort), (64 bytes).
    Removing stm32f0xx_hal_dma.o(.ARM.exidx.text.HAL_DMA_Abort), (8 bytes).
    Removing stm32f0xx_hal_dma.o(.text.HAL_DMA_Abort_IT), (70 bytes).
    Removing stm32f0xx_hal_dma.o(.ARM.exidx.text.HAL_DMA_Abort_IT), (8 bytes).
    Removing stm32f0xx_hal_dma.o(.text.HAL_DMA_PollForTransfer), (182 bytes).
    Removing stm32f0xx_hal_dma.o(.ARM.exidx.text.HAL_DMA_PollForTransfer), (8 bytes).
    Removing stm32f0xx_hal_dma.o(.text.HAL_DMA_IRQHandler), (156 bytes).
    Removing stm32f0xx_hal_dma.o(.ARM.exidx.text.HAL_DMA_IRQHandler), (8 bytes).
    Removing stm32f0xx_hal_dma.o(.text.HAL_DMA_RegisterCallback), (70 bytes).
    Removing stm32f0xx_hal_dma.o(.ARM.exidx.text.HAL_DMA_RegisterCallback), (8 bytes).
    Removing stm32f0xx_hal_dma.o(.text.HAL_DMA_UnRegisterCallback), (88 bytes).
    Removing stm32f0xx_hal_dma.o(.ARM.exidx.text.HAL_DMA_UnRegisterCallback), (8 bytes).
    Removing stm32f0xx_hal_dma.o(.text.HAL_DMA_GetState), (6 bytes).
    Removing stm32f0xx_hal_dma.o(.ARM.exidx.text.HAL_DMA_GetState), (8 bytes).
    Removing stm32f0xx_hal_dma.o(.text.HAL_DMA_GetError), (4 bytes).
    Removing stm32f0xx_hal_dma.o(.ARM.exidx.text.HAL_DMA_GetError), (8 bytes).
    Removing stm32f0xx_hal_cortex.o(.text), (0 bytes).
    Removing stm32f0xx_hal_cortex.o(.ARM.exidx.text.HAL_NVIC_SetPriority), (8 bytes).
    Removing stm32f0xx_hal_cortex.o(.ARM.exidx.text.__NVIC_SetPriority), (8 bytes).
    Removing stm32f0xx_hal_cortex.o(.ARM.exidx.text.HAL_NVIC_EnableIRQ), (8 bytes).
    Removing stm32f0xx_hal_cortex.o(.text.HAL_NVIC_DisableIRQ), (32 bytes).
    Removing stm32f0xx_hal_cortex.o(.ARM.exidx.text.HAL_NVIC_DisableIRQ), (8 bytes).
    Removing stm32f0xx_hal_cortex.o(.text.HAL_NVIC_SystemReset), (4 bytes).
    Removing stm32f0xx_hal_cortex.o(.ARM.exidx.text.HAL_NVIC_SystemReset), (8 bytes).
    Removing stm32f0xx_hal_cortex.o(.text.__NVIC_SystemReset), (28 bytes).
    Removing stm32f0xx_hal_cortex.o(.ARM.exidx.text.__NVIC_SystemReset), (8 bytes).
    Removing stm32f0xx_hal_cortex.o(.ARM.exidx.text.HAL_SYSTICK_Config), (8 bytes).
    Removing stm32f0xx_hal_cortex.o(.text.HAL_NVIC_GetPriority), (52 bytes).
    Removing stm32f0xx_hal_cortex.o(.ARM.exidx.text.HAL_NVIC_GetPriority), (8 bytes).
    Removing stm32f0xx_hal_cortex.o(.text.HAL_NVIC_SetPendingIRQ), (24 bytes).
    Removing stm32f0xx_hal_cortex.o(.ARM.exidx.text.HAL_NVIC_SetPendingIRQ), (8 bytes).
    Removing stm32f0xx_hal_cortex.o(.text.HAL_NVIC_GetPendingIRQ), (40 bytes).
    Removing stm32f0xx_hal_cortex.o(.ARM.exidx.text.HAL_NVIC_GetPendingIRQ), (8 bytes).
    Removing stm32f0xx_hal_cortex.o(.text.HAL_NVIC_ClearPendingIRQ), (24 bytes).
    Removing stm32f0xx_hal_cortex.o(.ARM.exidx.text.HAL_NVIC_ClearPendingIRQ), (8 bytes).
    Removing stm32f0xx_hal_cortex.o(.text.HAL_SYSTICK_CLKSourceConfig), (24 bytes).
    Removing stm32f0xx_hal_cortex.o(.ARM.exidx.text.HAL_SYSTICK_CLKSourceConfig), (8 bytes).
    Removing stm32f0xx_hal_cortex.o(.text.HAL_SYSTICK_IRQHandler), (8 bytes).
    Removing stm32f0xx_hal_cortex.o(.ARM.exidx.text.HAL_SYSTICK_IRQHandler), (8 bytes).
    Removing stm32f0xx_hal_cortex.o(.text.HAL_SYSTICK_Callback), (2 bytes).
    Removing stm32f0xx_hal_cortex.o(.ARM.exidx.text.HAL_SYSTICK_Callback), (8 bytes).
    Removing stm32f0xx_hal_pwr.o(.text), (0 bytes).
    Removing stm32f0xx_hal_pwr.o(.text.HAL_PWR_DeInit), (24 bytes).
    Removing stm32f0xx_hal_pwr.o(.ARM.exidx.text.HAL_PWR_DeInit), (8 bytes).
    Removing stm32f0xx_hal_pwr.o(.text.HAL_PWR_EnableBkUpAccess), (20 bytes).
    Removing stm32f0xx_hal_pwr.o(.ARM.exidx.text.HAL_PWR_EnableBkUpAccess), (8 bytes).
    Removing stm32f0xx_hal_pwr.o(.text.HAL_PWR_DisableBkUpAccess), (20 bytes).
    Removing stm32f0xx_hal_pwr.o(.ARM.exidx.text.HAL_PWR_DisableBkUpAccess), (8 bytes).
    Removing stm32f0xx_hal_pwr.o(.text.HAL_PWR_EnableWakeUpPin), (16 bytes).
    Removing stm32f0xx_hal_pwr.o(.ARM.exidx.text.HAL_PWR_EnableWakeUpPin), (8 bytes).
    Removing stm32f0xx_hal_pwr.o(.text.HAL_PWR_DisableWakeUpPin), (16 bytes).
    Removing stm32f0xx_hal_pwr.o(.ARM.exidx.text.HAL_PWR_DisableWakeUpPin), (8 bytes).
    Removing stm32f0xx_hal_pwr.o(.text.HAL_PWR_EnterSLEEPMode), (32 bytes).
    Removing stm32f0xx_hal_pwr.o(.ARM.exidx.text.HAL_PWR_EnterSLEEPMode), (8 bytes).
    Removing stm32f0xx_hal_pwr.o(.text.HAL_PWR_EnterSTOPMode), (56 bytes).
    Removing stm32f0xx_hal_pwr.o(.ARM.exidx.text.HAL_PWR_EnterSTOPMode), (8 bytes).
    Removing stm32f0xx_hal_pwr.o(.text.HAL_PWR_EnterSTANDBYMode), (32 bytes).
    Removing stm32f0xx_hal_pwr.o(.ARM.exidx.text.HAL_PWR_EnterSTANDBYMode), (8 bytes).
    Removing stm32f0xx_hal_pwr.o(.text.HAL_PWR_EnableSleepOnExit), (16 bytes).
    Removing stm32f0xx_hal_pwr.o(.ARM.exidx.text.HAL_PWR_EnableSleepOnExit), (8 bytes).
    Removing stm32f0xx_hal_pwr.o(.text.HAL_PWR_DisableSleepOnExit), (16 bytes).
    Removing stm32f0xx_hal_pwr.o(.ARM.exidx.text.HAL_PWR_DisableSleepOnExit), (8 bytes).
    Removing stm32f0xx_hal_pwr.o(.text.HAL_PWR_EnableSEVOnPend), (16 bytes).
    Removing stm32f0xx_hal_pwr.o(.ARM.exidx.text.HAL_PWR_EnableSEVOnPend), (8 bytes).
    Removing stm32f0xx_hal_pwr.o(.text.HAL_PWR_DisableSEVOnPend), (16 bytes).
    Removing stm32f0xx_hal_pwr.o(.ARM.exidx.text.HAL_PWR_DisableSEVOnPend), (8 bytes).
    Removing stm32f0xx_hal_pwr_ex.o(.text), (0 bytes).
    Removing stm32f0xx_hal_flash.o(.text), (0 bytes).
    Removing stm32f0xx_hal_flash.o(.text.HAL_FLASH_Program), (140 bytes).
    Removing stm32f0xx_hal_flash.o(.ARM.exidx.text.HAL_FLASH_Program), (8 bytes).
    Removing stm32f0xx_hal_flash.o(.text.FLASH_WaitForLastOperation), (84 bytes).
    Removing stm32f0xx_hal_flash.o(.ARM.exidx.text.FLASH_WaitForLastOperation), (8 bytes).
    Removing stm32f0xx_hal_flash.o(.text.HAL_FLASH_Program_IT), (92 bytes).
    Removing stm32f0xx_hal_flash.o(.ARM.exidx.text.HAL_FLASH_Program_IT), (8 bytes).
    Removing stm32f0xx_hal_flash.o(.text.HAL_FLASH_IRQHandler), (288 bytes).
    Removing stm32f0xx_hal_flash.o(.ARM.exidx.text.HAL_FLASH_IRQHandler), (8 bytes).
    Removing stm32f0xx_hal_flash.o(.text.FLASH_SetErrorCode), (60 bytes).
    Removing stm32f0xx_hal_flash.o(.ARM.exidx.text.FLASH_SetErrorCode), (8 bytes).
    Removing stm32f0xx_hal_flash.o(.text.HAL_FLASH_OperationErrorCallback), (2 bytes).
    Removing stm32f0xx_hal_flash.o(.ARM.exidx.text.HAL_FLASH_OperationErrorCallback), (8 bytes).
    Removing stm32f0xx_hal_flash.o(.text.HAL_FLASH_EndOfOperationCallback), (2 bytes).
    Removing stm32f0xx_hal_flash.o(.ARM.exidx.text.HAL_FLASH_EndOfOperationCallback), (8 bytes).
    Removing stm32f0xx_hal_flash.o(.text.HAL_FLASH_Unlock), (40 bytes).
    Removing stm32f0xx_hal_flash.o(.ARM.exidx.text.HAL_FLASH_Unlock), (8 bytes).
    Removing stm32f0xx_hal_flash.o(.text.HAL_FLASH_Lock), (20 bytes).
    Removing stm32f0xx_hal_flash.o(.ARM.exidx.text.HAL_FLASH_Lock), (8 bytes).
    Removing stm32f0xx_hal_flash.o(.text.HAL_FLASH_OB_Unlock), (36 bytes).
    Removing stm32f0xx_hal_flash.o(.ARM.exidx.text.HAL_FLASH_OB_Unlock), (8 bytes).
    Removing stm32f0xx_hal_flash.o(.text.HAL_FLASH_OB_Lock), (20 bytes).
    Removing stm32f0xx_hal_flash.o(.ARM.exidx.text.HAL_FLASH_OB_Lock), (8 bytes).
    Removing stm32f0xx_hal_flash.o(.text.HAL_FLASH_OB_Launch), (32 bytes).
    Removing stm32f0xx_hal_flash.o(.ARM.exidx.text.HAL_FLASH_OB_Launch), (8 bytes).
    Removing stm32f0xx_hal_flash.o(.text.HAL_FLASH_GetError), (12 bytes).
    Removing stm32f0xx_hal_flash.o(.ARM.exidx.text.HAL_FLASH_GetError), (8 bytes).
    Removing stm32f0xx_hal_flash.o(.bss.pFlash), (32 bytes).
    Removing stm32f0xx_hal_flash_ex.o(.text), (0 bytes).
    Removing stm32f0xx_hal_flash_ex.o(.text.HAL_FLASHEx_Erase), (164 bytes).
    Removing stm32f0xx_hal_flash_ex.o(.ARM.exidx.text.HAL_FLASHEx_Erase), (8 bytes).
    Removing stm32f0xx_hal_flash_ex.o(.text.FLASH_MassErase), (36 bytes).
    Removing stm32f0xx_hal_flash_ex.o(.ARM.exidx.text.FLASH_MassErase), (8 bytes).
    Removing stm32f0xx_hal_flash_ex.o(.text.FLASH_PageErase), (36 bytes).
    Removing stm32f0xx_hal_flash_ex.o(.ARM.exidx.text.FLASH_PageErase), (8 bytes).
    Removing stm32f0xx_hal_flash_ex.o(.text.HAL_FLASHEx_Erase_IT), (84 bytes).
    Removing stm32f0xx_hal_flash_ex.o(.ARM.exidx.text.HAL_FLASHEx_Erase_IT), (8 bytes).
    Removing stm32f0xx_hal_flash_ex.o(.text.HAL_FLASHEx_OBErase), (84 bytes).
    Removing stm32f0xx_hal_flash_ex.o(.ARM.exidx.text.HAL_FLASHEx_OBErase), (8 bytes).
    Removing stm32f0xx_hal_flash_ex.o(.text.FLASH_OB_GetRDP), (32 bytes).
    Removing stm32f0xx_hal_flash_ex.o(.ARM.exidx.text.FLASH_OB_GetRDP), (8 bytes).
    Removing stm32f0xx_hal_flash_ex.o(.text.FLASH_OB_RDP_LevelConfig), (100 bytes).
    Removing stm32f0xx_hal_flash_ex.o(.ARM.exidx.text.FLASH_OB_RDP_LevelConfig), (8 bytes).
    Removing stm32f0xx_hal_flash_ex.o(.text.HAL_FLASHEx_OBProgram), (340 bytes).
    Removing stm32f0xx_hal_flash_ex.o(.ARM.exidx.text.HAL_FLASHEx_OBProgram), (8 bytes).
    Removing stm32f0xx_hal_flash_ex.o(.text.HAL_FLASHEx_OBGetConfig), (36 bytes).
    Removing stm32f0xx_hal_flash_ex.o(.ARM.exidx.text.HAL_FLASHEx_OBGetConfig), (8 bytes).
    Removing stm32f0xx_hal_flash_ex.o(.text.HAL_FLASHEx_OBGetUserData), (28 bytes).
    Removing stm32f0xx_hal_flash_ex.o(.ARM.exidx.text.HAL_FLASHEx_OBGetUserData), (8 bytes).
    Removing stm32f0xx_hal_exti.o(.text), (0 bytes).
    Removing stm32f0xx_hal_exti.o(.text.HAL_EXTI_SetConfigLine), (152 bytes).
    Removing stm32f0xx_hal_exti.o(.ARM.exidx.text.HAL_EXTI_SetConfigLine), (8 bytes).
    Removing stm32f0xx_hal_exti.o(.text.HAL_EXTI_GetConfigLine), (132 bytes).
    Removing stm32f0xx_hal_exti.o(.ARM.exidx.text.HAL_EXTI_GetConfigLine), (8 bytes).
    Removing stm32f0xx_hal_exti.o(.text.HAL_EXTI_ClearConfigLine), (96 bytes).
    Removing stm32f0xx_hal_exti.o(.ARM.exidx.text.HAL_EXTI_ClearConfigLine), (8 bytes).
    Removing stm32f0xx_hal_exti.o(.text.HAL_EXTI_RegisterCallback), (14 bytes).
    Removing stm32f0xx_hal_exti.o(.ARM.exidx.text.HAL_EXTI_RegisterCallback), (8 bytes).
    Removing stm32f0xx_hal_exti.o(.text.HAL_EXTI_GetHandle), (14 bytes).
    Removing stm32f0xx_hal_exti.o(.ARM.exidx.text.HAL_EXTI_GetHandle), (8 bytes).
    Removing stm32f0xx_hal_exti.o(.text.HAL_EXTI_IRQHandler), (36 bytes).
    Removing stm32f0xx_hal_exti.o(.ARM.exidx.text.HAL_EXTI_IRQHandler), (8 bytes).
    Removing stm32f0xx_hal_exti.o(.text.HAL_EXTI_GetPending), (24 bytes).
    Removing stm32f0xx_hal_exti.o(.ARM.exidx.text.HAL_EXTI_GetPending), (8 bytes).
    Removing stm32f0xx_hal_exti.o(.text.HAL_EXTI_ClearPending), (20 bytes).
    Removing stm32f0xx_hal_exti.o(.ARM.exidx.text.HAL_EXTI_ClearPending), (8 bytes).
    Removing stm32f0xx_hal_exti.o(.text.HAL_EXTI_GenerateSWI), (20 bytes).
    Removing stm32f0xx_hal_exti.o(.ARM.exidx.text.HAL_EXTI_GenerateSWI), (8 bytes).
    Removing system_stm32f0xx.o(.text), (0 bytes).
    Removing system_stm32f0xx.o(.ARM.exidx.text.SystemInit), (8 bytes).
    Removing system_stm32f0xx.o(.text.SystemCoreClockUpdate), (92 bytes).
    Removing system_stm32f0xx.o(.ARM.exidx.text.SystemCoreClockUpdate), (8 bytes).

547 unused section(s) (total 23498 bytes) removed from the image.

==============================================================================

Image Symbol Table

    Local Symbols

    Symbol Name                              Value     Ov Type        Size  Object(Section)

    ../clib/angel/boardlib.s                 0x00000000   Number         0  boardinit1.o ABSOLUTE
    ../clib/angel/boardlib.s                 0x00000000   Number         0  boardinit2.o ABSOLUTE
    ../clib/angel/boardlib.s                 0x00000000   Number         0  boardinit3.o ABSOLUTE
    ../clib/angel/boardlib.s                 0x00000000   Number         0  boardshut.o ABSOLUTE
    ../clib/angel/handlers.s                 0x00000000   Number         0  __scatter_copy.o ABSOLUTE
    ../clib/angel/handlers.s                 0x00000000   Number         0  __scatter_zi.o ABSOLUTE
    ../clib/angel/kernel.s                   0x00000000   Number         0  __rtentry.o ABSOLUTE
    ../clib/angel/kernel.s                   0x00000000   Number         0  __rtentry2.o ABSOLUTE
    ../clib/angel/kernel.s                   0x00000000   Number         0  __rtentry4.o ABSOLUTE
    ../clib/angel/kernel.s                   0x00000000   Number         0  rtexit.o ABSOLUTE
    ../clib/angel/kernel.s                   0x00000000   Number         0  rtexit2.o ABSOLUTE
    ../clib/angel/rt.s                       0x00000000   Number         0  aeabi_idiv0.o ABSOLUTE
    ../clib/angel/rt.s                       0x00000000   Number         0  aeabi_idiv0_sigfpe.o ABSOLUTE
    ../clib/angel/rt.s                       0x00000000   Number         0  rt_div0.o ABSOLUTE
    ../clib/angel/rt.s                       0x00000000   Number         0  rt_raise.o ABSOLUTE
    ../clib/angel/scatterp.s                 0x00000000   Number         0  __scatter.o ABSOLUTE
    ../clib/angel/startup.s                  0x00000000   Number         0  __main.o ABSOLUTE
    ../clib/angel/sys.s                      0x00000000   Number         0  sys_stackheap_outer.o ABSOLUTE
    ../clib/angel/sys.s                      0x00000000   Number         0  libspace.o ABSOLUTE
    ../clib/angel/sys.s                      0x00000000   Number         0  tempstk.o ABSOLUTE
    ../clib/angel/sys.s                      0x00000000   Number         0  use_no_semi.o ABSOLUTE
    ../clib/angel/sys.s                      0x00000000   Number         0  indicate_semi.o ABSOLUTE
    ../clib/angel/sysapp.c                   0x00000000   Number         0  sys_exit.o ABSOLUTE
    ../clib/angel/sysapp.c                   0x00000000   Number         0  sys_exit_hlt.o ABSOLUTE
    ../clib/angel/sysapp.c                   0x00000000   Number         0  sys_wrch.o ABSOLUTE
    ../clib/angel/sysapp.c                   0x00000000   Number         0  sys_wrch_hlt.o ABSOLUTE
    ../clib/angel/sysapp.c                   0x00000000   Number         0  sys_command.o ABSOLUTE
    ../clib/angel/sysapp.c                   0x00000000   Number         0  sys_command_hlt.o ABSOLUTE
    ../clib/armsys.c                         0x00000000   Number         0  argv_veneer.o ABSOLUTE
    ../clib/armsys.c                         0x00000000   Number         0  _get_argv_nomalloc.o ABSOLUTE
    ../clib/armsys.c                         0x00000000   Number         0  no_argv.o ABSOLUTE
    ../clib/division.s                       0x00000000   Number         0  aeabi_sdiv.o ABSOLUTE
    ../clib/division.s                       0x00000000   Number         0  aeabi_sdiv_div0.o ABSOLUTE
    ../clib/heapalloc.c                      0x00000000   Number         0  hrguard.o ABSOLUTE
    ../clib/heapaux.c                        0x00000000   Number         0  heapauxi.o ABSOLUTE
    ../clib/libinit.s                        0x00000000   Number         0  libinit.o ABSOLUTE
    ../clib/libinit.s                        0x00000000   Number         0  libinit2.o ABSOLUTE
    ../clib/libinit.s                        0x00000000   Number         0  libshutdown.o ABSOLUTE
    ../clib/libinit.s                        0x00000000   Number         0  libshutdown2.o ABSOLUTE
    ../clib/longlong.c                       0x00000000   Number         0  llushr.o ABSOLUTE
    ../clib/memcpset.c                       0x00000000   Number         0  rt_memclr.o ABSOLUTE
    ../clib/signal.c                         0x00000000   Number         0  defsig_fpe_outer.o ABSOLUTE
    ../clib/signal.c                         0x00000000   Number         0  defsig_fpe_formal.o ABSOLUTE
    ../clib/signal.c                         0x00000000   Number         0  defsig_exit.o ABSOLUTE
    ../clib/signal.c                         0x00000000   Number         0  defsig_fpe_inner.o ABSOLUTE
    ../clib/signal.c                         0x00000000   Number         0  __raise.o ABSOLUTE
    ../clib/signal.c                         0x00000000   Number         0  defsig_general.o ABSOLUTE
    ../clib/signal.c                         0x00000000   Number         0  defsig_abrt_inner.o ABSOLUTE
    ../clib/signal.c                         0x00000000   Number         0  defsig_rtred_inner.o ABSOLUTE
    ../clib/signal.c                         0x00000000   Number         0  defsig_rtmem_inner.o ABSOLUTE
    ../clib/signal.c                         0x00000000   Number         0  defsig_rtmem_outer.o ABSOLUTE
    ../clib/signal.c                         0x00000000   Number         0  defsig_rtmem_formal.o ABSOLUTE
    ../clib/signal.c                         0x00000000   Number         0  defsig_stak_inner.o ABSOLUTE
    ../clib/signal.c                         0x00000000   Number         0  defsig_pvfn_inner.o ABSOLUTE
    ../clib/signal.c                         0x00000000   Number         0  defsig_cppl_inner.o ABSOLUTE
    ../clib/signal.c                         0x00000000   Number         0  defsig_segv_inner.o ABSOLUTE
    ../clib/signal.c                         0x00000000   Number         0  defsig_other.o ABSOLUTE
    ../clib/signal.s                         0x00000000   Number         0  defsig.o ABSOLUTE
    ../clib/stdlib.c                         0x00000000   Number         0  exit.o ABSOLUTE
    ../fplib/cfplib/fpinit.c                 0x00000000   Number         0  fpinit.o ABSOLUTE
    ChControl.cpp                            0x00000000   Number         0  chcontrol.o ABSOLUTE
    dc.s                                     0x00000000   Number         0  dc.o ABSOLUTE
    main.c                                   0x00000000   Number         0  main.o ABSOLUTE
    startup_stm32f030x6.s                    0x00000000   Number         0  startup_stm32f030x6.o ABSOLUTE
    stm32f0xx_hal.c                          0x00000000   Number         0  stm32f0xx_hal.o ABSOLUTE
    stm32f0xx_hal_cortex.c                   0x00000000   Number         0  stm32f0xx_hal_cortex.o ABSOLUTE
    stm32f0xx_hal_dma.c                      0x00000000   Number         0  stm32f0xx_hal_dma.o ABSOLUTE
    stm32f0xx_hal_exti.c                     0x00000000   Number         0  stm32f0xx_hal_exti.o ABSOLUTE
    stm32f0xx_hal_flash.c                    0x00000000   Number         0  stm32f0xx_hal_flash.o ABSOLUTE
    stm32f0xx_hal_flash_ex.c                 0x00000000   Number         0  stm32f0xx_hal_flash_ex.o ABSOLUTE
    stm32f0xx_hal_gpio.c                     0x00000000   Number         0  stm32f0xx_hal_gpio.o ABSOLUTE
    stm32f0xx_hal_i2c.c                      0x00000000   Number         0  stm32f0xx_hal_i2c.o ABSOLUTE
    stm32f0xx_hal_i2c_ex.c                   0x00000000   Number         0  stm32f0xx_hal_i2c_ex.o ABSOLUTE
    stm32f0xx_hal_msp.c                      0x00000000   Number         0  stm32f0xx_hal_msp.o ABSOLUTE
    stm32f0xx_hal_pwr.c                      0x00000000   Number         0  stm32f0xx_hal_pwr.o ABSOLUTE
    stm32f0xx_hal_pwr_ex.c                   0x00000000   Number         0  stm32f0xx_hal_pwr_ex.o ABSOLUTE
    stm32f0xx_hal_rcc.c                      0x00000000   Number         0  stm32f0xx_hal_rcc.o ABSOLUTE
    stm32f0xx_hal_rcc_ex.c                   0x00000000   Number         0  stm32f0xx_hal_rcc_ex.o ABSOLUTE
    stm32f0xx_hal_tim.c                      0x00000000   Number         0  stm32f0xx_hal_tim.o ABSOLUTE
    stm32f0xx_hal_tim_ex.c                   0x00000000   Number         0  stm32f0xx_hal_tim_ex.o ABSOLUTE
    stm32f0xx_hal_uart.c                     0x00000000   Number         0  stm32f0xx_hal_uart.o ABSOLUTE
    stm32f0xx_hal_uart_ex.c                  0x00000000   Number         0  stm32f0xx_hal_uart_ex.o ABSOLUTE
    stm32f0xx_it.c                           0x00000000   Number         0  stm32f0xx_it.o ABSOLUTE
    system_stm32f0xx.c                       0x00000000   Number         0  system_stm32f0xx.o ABSOLUTE
    RESET                                    0x08000000   Section      176  startup_stm32f030x6.o(RESET)
    !!!main                                  0x080000b0   Section        8  __main.o(!!!main)
    !!!scatter                               0x080000b8   Section       60  __scatter.o(!!!scatter)
    !!handler_copy                           0x080000f4   Section       26  __scatter_copy.o(!!handler_copy)
    !!handler_zi                             0x08000110   Section       28  __scatter_zi.o(!!handler_zi)
    .ARM.Collect$$libinit$$00000000          0x0800012c   Section        2  libinit.o(.ARM.Collect$$libinit$$00000000)
    .ARM.Collect$$libinit$$00000002          0x0800012e   Section        0  libinit2.o(.ARM.Collect$$libinit$$00000002)
    .ARM.Collect$$libinit$$00000004          0x0800012e   Section        0  libinit2.o(.ARM.Collect$$libinit$$00000004)
    .ARM.Collect$$libinit$$0000000A          0x0800012e   Section        0  libinit2.o(.ARM.Collect$$libinit$$0000000A)
    .ARM.Collect$$libinit$$0000000C          0x0800012e   Section        0  libinit2.o(.ARM.Collect$$libinit$$0000000C)
    .ARM.Collect$$libinit$$0000000E          0x0800012e   Section        0  libinit2.o(.ARM.Collect$$libinit$$0000000E)
    .ARM.Collect$$libinit$$00000011          0x0800012e   Section        0  libinit2.o(.ARM.Collect$$libinit$$00000011)
    .ARM.Collect$$libinit$$00000013          0x0800012e   Section        0  libinit2.o(.ARM.Collect$$libinit$$00000013)
    .ARM.Collect$$libinit$$00000015          0x0800012e   Section        0  libinit2.o(.ARM.Collect$$libinit$$00000015)
    .ARM.Collect$$libinit$$00000017          0x0800012e   Section        0  libinit2.o(.ARM.Collect$$libinit$$00000017)
    .ARM.Collect$$libinit$$00000019          0x0800012e   Section        0  libinit2.o(.ARM.Collect$$libinit$$00000019)
    .ARM.Collect$$libinit$$0000001B          0x0800012e   Section        0  libinit2.o(.ARM.Collect$$libinit$$0000001B)
    .ARM.Collect$$libinit$$0000001D          0x0800012e   Section        0  libinit2.o(.ARM.Collect$$libinit$$0000001D)
    .ARM.Collect$$libinit$$0000001F          0x0800012e   Section        0  libinit2.o(.ARM.Collect$$libinit$$0000001F)
    .ARM.Collect$$libinit$$00000021          0x0800012e   Section        0  libinit2.o(.ARM.Collect$$libinit$$00000021)
    .ARM.Collect$$libinit$$00000023          0x0800012e   Section        0  libinit2.o(.ARM.Collect$$libinit$$00000023)
    .ARM.Collect$$libinit$$00000025          0x0800012e   Section        0  libinit2.o(.ARM.Collect$$libinit$$00000025)
    .ARM.Collect$$libinit$$0000002C          0x0800012e   Section        0  libinit2.o(.ARM.Collect$$libinit$$0000002C)
    .ARM.Collect$$libinit$$0000002E          0x0800012e   Section        0  libinit2.o(.ARM.Collect$$libinit$$0000002E)
    .ARM.Collect$$libinit$$00000030          0x0800012e   Section        0  libinit2.o(.ARM.Collect$$libinit$$00000030)
    .ARM.Collect$$libinit$$00000032          0x0800012e   Section        0  libinit2.o(.ARM.Collect$$libinit$$00000032)
    .ARM.Collect$$libinit$$00000033          0x0800012e   Section        2  libinit2.o(.ARM.Collect$$libinit$$00000033)
    .ARM.Collect$$libshutdown$$00000000      0x08000130   Section        2  libshutdown.o(.ARM.Collect$$libshutdown$$00000000)
    .ARM.Collect$$libshutdown$$00000002      0x08000132   Section        0  libshutdown2.o(.ARM.Collect$$libshutdown$$00000002)
    .ARM.Collect$$libshutdown$$00000004      0x08000132   Section        0  libshutdown2.o(.ARM.Collect$$libshutdown$$00000004)
    .ARM.Collect$$libshutdown$$00000007      0x08000132   Section        0  libshutdown2.o(.ARM.Collect$$libshutdown$$00000007)
    .ARM.Collect$$libshutdown$$0000000A      0x08000132   Section        0  libshutdown2.o(.ARM.Collect$$libshutdown$$0000000A)
    .ARM.Collect$$libshutdown$$0000000C      0x08000132   Section        0  libshutdown2.o(.ARM.Collect$$libshutdown$$0000000C)
    .ARM.Collect$$libshutdown$$0000000F      0x08000132   Section        0  libshutdown2.o(.ARM.Collect$$libshutdown$$0000000F)
    .ARM.Collect$$libshutdown$$00000010      0x08000132   Section        2  libshutdown2.o(.ARM.Collect$$libshutdown$$00000010)
    .ARM.Collect$$rtentry$$00000000          0x08000134   Section        0  __rtentry.o(.ARM.Collect$$rtentry$$00000000)
    .ARM.Collect$$rtentry$$00000002          0x08000134   Section        0  __rtentry2.o(.ARM.Collect$$rtentry$$00000002)
    .ARM.Collect$$rtentry$$00000004          0x08000134   Section        6  __rtentry4.o(.ARM.Collect$$rtentry$$00000004)
    .ARM.Collect$$rtentry$$00000009          0x0800013a   Section        0  __rtentry2.o(.ARM.Collect$$rtentry$$00000009)
    .ARM.Collect$$rtentry$$0000000A          0x0800013a   Section        4  __rtentry2.o(.ARM.Collect$$rtentry$$0000000A)
    .ARM.Collect$$rtentry$$0000000C          0x0800013e   Section        0  __rtentry2.o(.ARM.Collect$$rtentry$$0000000C)
    .ARM.Collect$$rtentry$$0000000D          0x0800013e   Section        8  __rtentry2.o(.ARM.Collect$$rtentry$$0000000D)
    .ARM.Collect$$rtexit$$00000000           0x08000146   Section        2  rtexit.o(.ARM.Collect$$rtexit$$00000000)
    .ARM.Collect$$rtexit$$00000002           0x08000148   Section        0  rtexit2.o(.ARM.Collect$$rtexit$$00000002)
    .ARM.Collect$$rtexit$$00000003           0x08000148   Section        4  rtexit2.o(.ARM.Collect$$rtexit$$00000003)
    .ARM.Collect$$rtexit$$00000004           0x0800014c   Section        6  rtexit2.o(.ARM.Collect$$rtexit$$00000004)
    .text                                    0x08000154   Section       56  startup_stm32f030x6.o(.text)
    .text                                    0x0800018c   Section        0  rt_memclr.o(.text)
    .text                                    0x080001cc   Section      346  aeabi_sdiv.o(.text)
    .text                                    0x08000326   Section        0  heapauxi.o(.text)
    .text                                    0x0800032c   Section       62  sys_stackheap_outer.o(.text)
    .text                                    0x0800036a   Section        0  exit.o(.text)
    .text                                    0x0800037c   Section        8  libspace.o(.text)
    .text                                    0x08000384   Section        0  sys_exit.o(.text)
    .text                                    0x08000390   Section        2  use_no_semi.o(.text)
    [Anonymous Symbol]                       0x08000392   Section        0  stm32f0xx_it.o(.text.EXTI4_15_IRQHandler)
    .text                                    0x08000392   Section        0  indicate_semi.o(.text)
    [Anonymous Symbol]                       0x0800039e   Section        0  stm32f0xx_hal_gpio.o(.text.HAL_GPIO_EXTI_Callback)
    [Anonymous Symbol]                       0x080003a0   Section        0  stm32f0xx_hal_gpio.o(.text.HAL_GPIO_EXTI_IRQHandler)
    __arm_cp.6_0                             0x080003b4   Number         4  stm32f0xx_hal_gpio.o(.text.HAL_GPIO_EXTI_IRQHandler)
    [Anonymous Symbol]                       0x080003b8   Section        0  stm32f0xx_hal_gpio.o(.text.HAL_GPIO_Init)
    __arm_cp.0_0                             0x08000528   Number         4  stm32f0xx_hal_gpio.o(.text.HAL_GPIO_Init)
    __arm_cp.0_1                             0x0800052c   Number         4  stm32f0xx_hal_gpio.o(.text.HAL_GPIO_Init)
    __arm_cp.0_3                             0x08000530   Number         4  stm32f0xx_hal_gpio.o(.text.HAL_GPIO_Init)
    __arm_cp.0_4                             0x08000534   Number         4  stm32f0xx_hal_gpio.o(.text.HAL_GPIO_Init)
    __arm_cp.0_5                             0x08000538   Number         4  stm32f0xx_hal_gpio.o(.text.HAL_GPIO_Init)
    __arm_cp.0_6                             0x0800053c   Number         4  stm32f0xx_hal_gpio.o(.text.HAL_GPIO_Init)
    [Anonymous Symbol]                       0x08000540   Section        0  stm32f0xx_hal_gpio.o(.text.HAL_GPIO_WritePin)
    [Anonymous Symbol]                       0x08000550   Section        0  stm32f0xx_hal.o(.text.HAL_GetTick)
    [Anonymous Symbol]                       0x08000558   Section        0  stm32f0xx_hal.o(.text.HAL_IncTick)
    __arm_cp.5_1                             0x08000568   Number         4  stm32f0xx_hal.o(.text.HAL_IncTick)
    [Anonymous Symbol]                       0x0800056c   Section        0  stm32f0xx_hal.o(.text.HAL_Init)
    [Anonymous Symbol]                       0x08000588   Section        0  stm32f0xx_hal.o(.text.HAL_InitTick)
    __arm_cp.1_0                             0x080005c4   Number         4  stm32f0xx_hal.o(.text.HAL_InitTick)
    [Anonymous Symbol]                       0x080005c8   Section        0  stm32f0xx_hal_msp.o(.text.HAL_MspInit)
    __arm_cp.0_0                             0x080005f0   Number         4  stm32f0xx_hal_msp.o(.text.HAL_MspInit)
    [Anonymous Symbol]                       0x080005f4   Section        0  stm32f0xx_hal_cortex.o(.text.HAL_NVIC_EnableIRQ)
    __arm_cp.2_0                             0x08000608   Number         4  stm32f0xx_hal_cortex.o(.text.HAL_NVIC_EnableIRQ)
    [Anonymous Symbol]                       0x0800060c   Section        0  stm32f0xx_hal_cortex.o(.text.HAL_NVIC_SetPriority)
    [Anonymous Symbol]                       0x08000614   Section        0  stm32f0xx_hal_rcc_ex.o(.text.HAL_RCCEx_PeriphCLKConfig)
    __arm_cp.0_0                             0x08000708   Number         4  stm32f0xx_hal_rcc_ex.o(.text.HAL_RCCEx_PeriphCLKConfig)
    __arm_cp.0_1                             0x0800070c   Number         4  stm32f0xx_hal_rcc_ex.o(.text.HAL_RCCEx_PeriphCLKConfig)
    __arm_cp.0_2                             0x08000710   Number         4  stm32f0xx_hal_rcc_ex.o(.text.HAL_RCCEx_PeriphCLKConfig)
    [Anonymous Symbol]                       0x08000714   Section        0  stm32f0xx_hal_rcc.o(.text.HAL_RCC_ClockConfig)
    __arm_cp.2_0                             0x08000818   Number         4  stm32f0xx_hal_rcc.o(.text.HAL_RCC_ClockConfig)
    __arm_cp.2_2                             0x0800081c   Number         4  stm32f0xx_hal_rcc.o(.text.HAL_RCC_ClockConfig)
    __arm_cp.2_3                             0x08000820   Number         4  stm32f0xx_hal_rcc.o(.text.HAL_RCC_ClockConfig)
    [Anonymous Symbol]                       0x08000824   Section        0  stm32f0xx_hal_rcc.o(.text.HAL_RCC_GetPCLK1Freq)
    __arm_cp.8_0                             0x08000838   Number         4  stm32f0xx_hal_rcc.o(.text.HAL_RCC_GetPCLK1Freq)
    __arm_cp.8_2                             0x0800083c   Number         4  stm32f0xx_hal_rcc.o(.text.HAL_RCC_GetPCLK1Freq)
    [Anonymous Symbol]                       0x08000840   Section        0  stm32f0xx_hal_rcc.o(.text.HAL_RCC_GetSysClockFreq)
    __arm_cp.3_0                             0x08000878   Number         4  stm32f0xx_hal_rcc.o(.text.HAL_RCC_GetSysClockFreq)
    __arm_cp.3_1                             0x0800087c   Number         4  stm32f0xx_hal_rcc.o(.text.HAL_RCC_GetSysClockFreq)
    __arm_cp.3_4                             0x080008a0   Number         4  stm32f0xx_hal_rcc.o(.text.HAL_RCC_GetSysClockFreq)
    [Anonymous Symbol]                       0x080008a4   Section        0  stm32f0xx_hal_rcc.o(.text.HAL_RCC_OscConfig)
    __arm_cp.1_0                             0x08000c74   Number         4  stm32f0xx_hal_rcc.o(.text.HAL_RCC_OscConfig)
    __arm_cp.1_1                             0x08000c78   Number         4  stm32f0xx_hal_rcc.o(.text.HAL_RCC_OscConfig)
    __arm_cp.1_2                             0x08000c7c   Number         4  stm32f0xx_hal_rcc.o(.text.HAL_RCC_OscConfig)
    [Anonymous Symbol]                       0x08000c80   Section        0  stm32f0xx_hal_cortex.o(.text.HAL_SYSTICK_Config)
    __arm_cp.6_0                             0x08000ca8   Number         4  stm32f0xx_hal_cortex.o(.text.HAL_SYSTICK_Config)
    __arm_cp.6_1                             0x08000cac   Number         4  stm32f0xx_hal_cortex.o(.text.HAL_SYSTICK_Config)
    __arm_cp.6_2                             0x08000cb0   Number         4  stm32f0xx_hal_cortex.o(.text.HAL_SYSTICK_Config)
    [Anonymous Symbol]                       0x08000cb4   Section        0  stm32f0xx_hal_uart.o(.text.HAL_UART_Init)
    [Anonymous Symbol]                       0x08000d1c   Section        0  stm32f0xx_hal_msp.o(.text.HAL_UART_MspInit)
    __arm_cp.1_0                             0x08000d78   Number         4  stm32f0xx_hal_msp.o(.text.HAL_UART_MspInit)
    __arm_cp.1_1                             0x08000d7c   Number         4  stm32f0xx_hal_msp.o(.text.HAL_UART_MspInit)
    [Anonymous Symbol]                       0x08000d80   Section        0  stm32f0xx_it.o(.text.HardFault_Handler)
    [Anonymous Symbol]                       0x08000d82   Section        0  stm32f0xx_it.o(.text.NMI_Handler)
    [Anonymous Symbol]                       0x08000d84   Section        0  stm32f0xx_it.o(.text.PendSV_Handler)
    [Anonymous Symbol]                       0x08000d86   Section        0  stm32f0xx_it.o(.text.SVC_Handler)
    [Anonymous Symbol]                       0x08000d88   Section        0  stm32f0xx_it.o(.text.SysTick_Handler)
    [Anonymous Symbol]                       0x08000d90   Section        0  system_stm32f0xx.o(.text.SystemInit)
    [Anonymous Symbol]                       0x08000d92   Section        0  stm32f0xx_hal_uart.o(.text.UART_AdvFeatureConfig)
    [Anonymous Symbol]                       0x08000e4c   Section        0  stm32f0xx_hal_uart.o(.text.UART_CheckIdleState)
    __arm_cp.4_0                             0x08000eb0   Number         4  stm32f0xx_hal_uart.o(.text.UART_CheckIdleState)
    [Anonymous Symbol]                       0x08000eb4   Section        0  stm32f0xx_hal_uart.o(.text.UART_SetConfig)
    __arm_cp.2_0                             0x08000fa0   Number         4  stm32f0xx_hal_uart.o(.text.UART_SetConfig)
    __arm_cp.2_1                             0x08000fa4   Number         4  stm32f0xx_hal_uart.o(.text.UART_SetConfig)
    __arm_cp.2_3                             0x08000fb8   Number         4  stm32f0xx_hal_uart.o(.text.UART_SetConfig)
    __arm_cp.2_4                             0x08000fbc   Number         4  stm32f0xx_hal_uart.o(.text.UART_SetConfig)
    __arm_cp.2_5                             0x08000fc0   Number         4  stm32f0xx_hal_uart.o(.text.UART_SetConfig)
    [Anonymous Symbol]                       0x08000fc4   Section        0  stm32f0xx_hal_uart.o(.text.UART_WaitOnFlagUntilTimeout)
    [Anonymous Symbol]                       0x08001054   Section        0  main.o(.text._Z18SystemClock_Configv)
    __NVIC_SetPriority                       0x080010a9   Thumb Code    64  stm32f0xx_hal_cortex.o(.text.__NVIC_SetPriority)
    [Anonymous Symbol]                       0x080010a8   Section        0  stm32f0xx_hal_cortex.o(.text.__NVIC_SetPriority)
    __arm_cp.1_0                             0x080010e0   Number         4  stm32f0xx_hal_cortex.o(.text.__NVIC_SetPriority)
    __arm_cp.1_1                             0x080010e4   Number         4  stm32f0xx_hal_cortex.o(.text.__NVIC_SetPriority)
    [Anonymous Symbol]                       0x080010e8   Section        0  main.o(.text.main)
    __arm_cp.0_0                             0x08001218   Number         4  main.o(.text.main)
    __arm_cp.0_1                             0x0800121c   Number         4  main.o(.text.main)
    __arm_cp.0_2                             0x08001220   Number         4  main.o(.text.main)
    __arm_cp.0_3                             0x08001224   Number         4  main.o(.text.main)
    __arm_cp.0_4                             0x08001228   Number         4  main.o(.text.main)
    __arm_cp.0_5                             0x0800122c   Number         4  main.o(.text.main)
    __arm_cp.0_6                             0x08001230   Number         4  main.o(.text.main)
    __arm_cp.0_7                             0x08001234   Number         4  main.o(.text.main)
    __arm_cp.0_8                             0x08001238   Number         4  main.o(.text.main)
    __arm_cp.0_9                             0x0800123c   Number         4  main.o(.text.main)
    __arm_cp.0_10                            0x08001240   Number         4  main.o(.text.main)
    __arm_cp.0_11                            0x08001244   Number         4  main.o(.text.main)
    [Anonymous Symbol]                       0x20000000   Section        0  stm32f0xx_hal.o(.data..L_MergedGlobals)
    .bss                                     0x20000010   Section       96  libspace.o(.bss)
    Heap_Mem                                 0x200000f8   Data         512  startup_stm32f030x6.o(HEAP)
    HEAP                                     0x200000f8   Section      512  startup_stm32f030x6.o(HEAP)
    Stack_Mem                                0x200002f8   Data        1024  startup_stm32f030x6.o(STACK)
    STACK                                    0x200002f8   Section     1024  startup_stm32f030x6.o(STACK)
    __initial_sp                             0x200006f8   Data           0  startup_stm32f030x6.o(STACK)

    Global Symbols

    Symbol Name                              Value     Ov Type        Size  Object(Section)

    BuildAttributes$$THM_ISAv3M$S$PE$A:L22$X:L11$S22$IEEE1$IW$~IW$USESV6$~STKCKD$USESV7$~SHL$OSPACE$ROPI$EBA8$UX$STANDARDLIB$REQ8$PRES8$EABIv2 0x00000000   Number         0  anon$$obj.o ABSOLUTE
    __ARM_exceptions_init                     - Undefined Weak Reference
    __alloca_initialize                       - Undefined Weak Reference
    __arm_preinit_                            - Undefined Weak Reference
    __cpp_initialize__aeabi_                  - Undefined Weak Reference
    __cxa_finalize                            - Undefined Weak Reference
    __rt_locale                               - Undefined Weak Reference
    __sigvec_lookup                           - Undefined Weak Reference
    _atexit_init                              - Undefined Weak Reference
    _call_atexit_fns                          - Undefined Weak Reference
    _clock_init                               - Undefined Weak Reference
    _fp_trap_init                             - Undefined Weak Reference
    _fp_trap_shutdown                         - Undefined Weak Reference
    _get_lc_collate                           - Undefined Weak Reference
    _get_lc_ctype                             - Undefined Weak Reference
    _get_lc_monetary                          - Undefined Weak Reference
    _get_lc_numeric                           - Undefined Weak Reference
    _get_lc_time                              - Undefined Weak Reference
    _getenv_init                              - Undefined Weak Reference
    _handle_redirection                       - Undefined Weak Reference
    _init_alloc                               - Undefined Weak Reference
    _init_user_alloc                          - Undefined Weak Reference
    _initio                                   - Undefined Weak Reference
    _rand_init                                - Undefined Weak Reference
    _signal_finish                            - Undefined Weak Reference
    _signal_init                              - Undefined Weak Reference
    _terminate_alloc                          - Undefined Weak Reference
    _terminate_user_alloc                     - Undefined Weak Reference
    _terminateio                              - Undefined Weak Reference
    __Vectors_Size                           0x000000b0   Number         0  startup_stm32f030x6.o ABSOLUTE
    __Vectors                                0x08000000   Data           4  startup_stm32f030x6.o(RESET)
    __Vectors_End                            0x080000b0   Data           0  startup_stm32f030x6.o(RESET)
    __main                                   0x080000b1   Thumb Code     8  __main.o(!!!main)
    __scatterload                            0x080000b9   Thumb Code     0  __scatter.o(!!!scatter)
    __scatterload_rt2                        0x080000b9   Thumb Code    52  __scatter.o(!!!scatter)
    __scatterload_rt2_thumb_only             0x080000b9   Thumb Code     0  __scatter.o(!!!scatter)
    __scatterload_null                       0x080000c9   Thumb Code     0  __scatter.o(!!!scatter)
    __scatterload_copy                       0x080000f5   Thumb Code    26  __scatter_copy.o(!!handler_copy)
    __scatterload_zeroinit                   0x08000111   Thumb Code    28  __scatter_zi.o(!!handler_zi)
    __rt_lib_init                            0x0800012d   Thumb Code     0  libinit.o(.ARM.Collect$$libinit$$00000000)
    __rt_lib_init_alloca_1                   0x0800012f   Thumb Code     0  libinit2.o(.ARM.Collect$$libinit$$0000002E)
    __rt_lib_init_argv_1                     0x0800012f   Thumb Code     0  libinit2.o(.ARM.Collect$$libinit$$0000002C)
    __rt_lib_init_atexit_1                   0x0800012f   Thumb Code     0  libinit2.o(.ARM.Collect$$libinit$$0000001B)
    __rt_lib_init_clock_1                    0x0800012f   Thumb Code     0  libinit2.o(.ARM.Collect$$libinit$$00000021)
    __rt_lib_init_cpp_1                      0x0800012f   Thumb Code     0  libinit2.o(.ARM.Collect$$libinit$$00000032)
    __rt_lib_init_exceptions_1               0x0800012f   Thumb Code     0  libinit2.o(.ARM.Collect$$libinit$$00000030)
    __rt_lib_init_fp_1                       0x0800012f   Thumb Code     0  libinit2.o(.ARM.Collect$$libinit$$00000002)
    __rt_lib_init_fp_trap_1                  0x0800012f   Thumb Code     0  libinit2.o(.ARM.Collect$$libinit$$0000001F)
    __rt_lib_init_getenv_1                   0x0800012f   Thumb Code     0  libinit2.o(.ARM.Collect$$libinit$$00000023)
    __rt_lib_init_heap_1                     0x0800012f   Thumb Code     0  libinit2.o(.ARM.Collect$$libinit$$0000000A)
    __rt_lib_init_lc_collate_1               0x0800012f   Thumb Code     0  libinit2.o(.ARM.Collect$$libinit$$00000011)
    __rt_lib_init_lc_ctype_1                 0x0800012f   Thumb Code     0  libinit2.o(.ARM.Collect$$libinit$$00000013)
    __rt_lib_init_lc_monetary_1              0x0800012f   Thumb Code     0  libinit2.o(.ARM.Collect$$libinit$$00000015)
    __rt_lib_init_lc_numeric_1               0x0800012f   Thumb Code     0  libinit2.o(.ARM.Collect$$libinit$$00000017)
    __rt_lib_init_lc_time_1                  0x0800012f   Thumb Code     0  libinit2.o(.ARM.Collect$$libinit$$00000019)
    __rt_lib_init_preinit_1                  0x0800012f   Thumb Code     0  libinit2.o(.ARM.Collect$$libinit$$00000004)
    __rt_lib_init_rand_1                     0x0800012f   Thumb Code     0  libinit2.o(.ARM.Collect$$libinit$$0000000E)
    __rt_lib_init_return                     0x0800012f   Thumb Code     0  libinit2.o(.ARM.Collect$$libinit$$00000033)
    __rt_lib_init_signal_1                   0x0800012f   Thumb Code     0  libinit2.o(.ARM.Collect$$libinit$$0000001D)
    __rt_lib_init_stdio_1                    0x0800012f   Thumb Code     0  libinit2.o(.ARM.Collect$$libinit$$00000025)
    __rt_lib_init_user_alloc_1               0x0800012f   Thumb Code     0  libinit2.o(.ARM.Collect$$libinit$$0000000C)
    __rt_lib_shutdown                        0x08000131   Thumb Code     0  libshutdown.o(.ARM.Collect$$libshutdown$$00000000)
    __rt_lib_shutdown_cpp_1                  0x08000133   Thumb Code     0  libshutdown2.o(.ARM.Collect$$libshutdown$$00000002)
    __rt_lib_shutdown_fp_trap_1              0x08000133   Thumb Code     0  libshutdown2.o(.ARM.Collect$$libshutdown$$00000007)
    __rt_lib_shutdown_heap_1                 0x08000133   Thumb Code     0  libshutdown2.o(.ARM.Collect$$libshutdown$$0000000F)
    __rt_lib_shutdown_return                 0x08000133   Thumb Code     0  libshutdown2.o(.ARM.Collect$$libshutdown$$00000010)
    __rt_lib_shutdown_signal_1               0x08000133   Thumb Code     0  libshutdown2.o(.ARM.Collect$$libshutdown$$0000000A)
    __rt_lib_shutdown_stdio_1                0x08000133   Thumb Code     0  libshutdown2.o(.ARM.Collect$$libshutdown$$00000004)
    __rt_lib_shutdown_user_alloc_1           0x08000133   Thumb Code     0  libshutdown2.o(.ARM.Collect$$libshutdown$$0000000C)
    __rt_entry                               0x08000135   Thumb Code     0  __rtentry.o(.ARM.Collect$$rtentry$$00000000)
    __rt_entry_presh_1                       0x08000135   Thumb Code     0  __rtentry2.o(.ARM.Collect$$rtentry$$00000002)
    __rt_entry_sh                            0x08000135   Thumb Code     0  __rtentry4.o(.ARM.Collect$$rtentry$$00000004)
    __rt_entry_li                            0x0800013b   Thumb Code     0  __rtentry2.o(.ARM.Collect$$rtentry$$0000000A)
    __rt_entry_postsh_1                      0x0800013b   Thumb Code     0  __rtentry2.o(.ARM.Collect$$rtentry$$00000009)
    __rt_entry_main                          0x0800013f   Thumb Code     0  __rtentry2.o(.ARM.Collect$$rtentry$$0000000D)
    __rt_entry_postli_1                      0x0800013f   Thumb Code     0  __rtentry2.o(.ARM.Collect$$rtentry$$0000000C)
    __rt_exit                                0x08000147   Thumb Code     0  rtexit.o(.ARM.Collect$$rtexit$$00000000)
    __rt_exit_ls                             0x08000149   Thumb Code     0  rtexit2.o(.ARM.Collect$$rtexit$$00000003)
    __rt_exit_prels_1                        0x08000149   Thumb Code     0  rtexit2.o(.ARM.Collect$$rtexit$$00000002)
    __rt_exit_exit                           0x0800014d   Thumb Code     0  rtexit2.o(.ARM.Collect$$rtexit$$00000004)
    Reset_Handler                            0x08000155   Thumb Code     8  startup_stm32f030x6.o(.text)
    ADC1_IRQHandler                          0x08000167   Thumb Code     0  startup_stm32f030x6.o(.text)
    DMA1_Channel1_IRQHandler                 0x08000167   Thumb Code     0  startup_stm32f030x6.o(.text)
    DMA1_Channel2_3_IRQHandler               0x08000167   Thumb Code     0  startup_stm32f030x6.o(.text)
    DMA1_Channel4_5_IRQHandler               0x08000167   Thumb Code     0  startup_stm32f030x6.o(.text)
    EXTI0_1_IRQHandler                       0x08000167   Thumb Code     0  startup_stm32f030x6.o(.text)
    EXTI2_3_IRQHandler                       0x08000167   Thumb Code     0  startup_stm32f030x6.o(.text)
    FLASH_IRQHandler                         0x08000167   Thumb Code     0  startup_stm32f030x6.o(.text)
    I2C1_IRQHandler                          0x08000167   Thumb Code     0  startup_stm32f030x6.o(.text)
    RCC_IRQHandler                           0x08000167   Thumb Code     0  startup_stm32f030x6.o(.text)
    RTC_IRQHandler                           0x08000167   Thumb Code     0  startup_stm32f030x6.o(.text)
    SPI1_IRQHandler                          0x08000167   Thumb Code     0  startup_stm32f030x6.o(.text)
    TIM14_IRQHandler                         0x08000167   Thumb Code     0  startup_stm32f030x6.o(.text)
    TIM16_IRQHandler                         0x08000167   Thumb Code     0  startup_stm32f030x6.o(.text)
    TIM17_IRQHandler                         0x08000167   Thumb Code     0  startup_stm32f030x6.o(.text)
    TIM1_BRK_UP_TRG_COM_IRQHandler           0x08000167   Thumb Code     0  startup_stm32f030x6.o(.text)
    TIM1_CC_IRQHandler                       0x08000167   Thumb Code     0  startup_stm32f030x6.o(.text)
    TIM3_IRQHandler                          0x08000167   Thumb Code     0  startup_stm32f030x6.o(.text)
    USART1_IRQHandler                        0x08000167   Thumb Code     0  startup_stm32f030x6.o(.text)
    WWDG_IRQHandler                          0x08000167   Thumb Code     0  startup_stm32f030x6.o(.text)
    __user_initial_stackheap                 0x08000169   Thumb Code     0  startup_stm32f030x6.o(.text)
    _memset_w                                0x0800018d   Thumb Code    26  rt_memclr.o(.text)
    _memset                                  0x080001a7   Thumb Code    30  rt_memclr.o(.text)
    __aeabi_memclr                           0x080001c5   Thumb Code     4  rt_memclr.o(.text)
    __rt_memclr                              0x080001c5   Thumb Code     0  rt_memclr.o(.text)
    __aeabi_memclr4                          0x080001c9   Thumb Code     0  rt_memclr.o(.text)
    __aeabi_memclr8                          0x080001c9   Thumb Code     0  rt_memclr.o(.text)
    __rt_memclr_w                            0x080001c9   Thumb Code     4  rt_memclr.o(.text)
    __aeabi_uidiv                            0x080001cd   Thumb Code     0  aeabi_sdiv.o(.text)
    __aeabi_uidivmod                         0x080001cd   Thumb Code    20  aeabi_sdiv.o(.text)
    __aeabi_idiv                             0x080001e1   Thumb Code     0  aeabi_sdiv.o(.text)
    __aeabi_idivmod                          0x080001e1   Thumb Code   326  aeabi_sdiv.o(.text)
    __use_two_region_memory                  0x08000327   Thumb Code     2  heapauxi.o(.text)
    __rt_heap_escrow$2region                 0x08000329   Thumb Code     2  heapauxi.o(.text)
    __rt_heap_expand$2region                 0x0800032b   Thumb Code     2  heapauxi.o(.text)
    __user_setup_stackheap                   0x0800032d   Thumb Code    62  sys_stackheap_outer.o(.text)
    exit                                     0x0800036b   Thumb Code    16  exit.o(.text)
    __user_libspace                          0x0800037d   Thumb Code     8  libspace.o(.text)
    __user_perproc_libspace                  0x0800037d   Thumb Code     0  libspace.o(.text)
    __user_perthread_libspace                0x0800037d   Thumb Code     0  libspace.o(.text)
    _sys_exit                                0x08000385   Thumb Code     8  sys_exit.o(.text)
    __I$use$semihosting                      0x08000391   Thumb Code     0  use_no_semi.o(.text)
    __use_no_semihosting_swi                 0x08000391   Thumb Code     2  use_no_semi.o(.text)
    EXTI4_15_IRQHandler                      0x08000393   Thumb Code    12  stm32f0xx_it.o(.text.EXTI4_15_IRQHandler)
    __semihosting_library_function           0x08000393   Thumb Code     0  indicate_semi.o(.text)
    HAL_GPIO_EXTI_Callback                   0x0800039f   Thumb Code     2  stm32f0xx_hal_gpio.o(.text.HAL_GPIO_EXTI_Callback)
    HAL_GPIO_EXTI_IRQHandler                 0x080003a1   Thumb Code    24  stm32f0xx_hal_gpio.o(.text.HAL_GPIO_EXTI_IRQHandler)
    HAL_GPIO_Init                            0x080003b9   Thumb Code   396  stm32f0xx_hal_gpio.o(.text.HAL_GPIO_Init)
    HAL_GPIO_WritePin                        0x08000541   Thumb Code    14  stm32f0xx_hal_gpio.o(.text.HAL_GPIO_WritePin)
    HAL_GetTick                              0x08000551   Thumb Code    12  stm32f0xx_hal.o(.text.HAL_GetTick)
    HAL_IncTick                              0x08000559   Thumb Code    24  stm32f0xx_hal.o(.text.HAL_IncTick)
    HAL_Init                                 0x0800056d   Thumb Code    32  stm32f0xx_hal.o(.text.HAL_Init)
    HAL_InitTick                             0x08000589   Thumb Code    68  stm32f0xx_hal.o(.text.HAL_InitTick)
    HAL_MspInit                              0x080005c9   Thumb Code    44  stm32f0xx_hal_msp.o(.text.HAL_MspInit)
    HAL_NVIC_EnableIRQ                       0x080005f5   Thumb Code    24  stm32f0xx_hal_cortex.o(.text.HAL_NVIC_EnableIRQ)
    HAL_NVIC_SetPriority                     0x0800060d   Thumb Code     8  stm32f0xx_hal_cortex.o(.text.HAL_NVIC_SetPriority)
    HAL_RCCEx_PeriphCLKConfig                0x08000615   Thumb Code   260  stm32f0xx_hal_rcc_ex.o(.text.HAL_RCCEx_PeriphCLKConfig)
    HAL_RCC_ClockConfig                      0x08000715   Thumb Code   280  stm32f0xx_hal_rcc.o(.text.HAL_RCC_ClockConfig)
    HAL_RCC_GetPCLK1Freq                     0x08000825   Thumb Code    32  stm32f0xx_hal_rcc.o(.text.HAL_RCC_GetPCLK1Freq)
    HAL_RCC_GetSysClockFreq                  0x08000841   Thumb Code   100  stm32f0xx_hal_rcc.o(.text.HAL_RCC_GetSysClockFreq)
    HAL_RCC_OscConfig                        0x080008a5   Thumb Code   988  stm32f0xx_hal_rcc.o(.text.HAL_RCC_OscConfig)
    HAL_SYSTICK_Config                       0x08000c81   Thumb Code    52  stm32f0xx_hal_cortex.o(.text.HAL_SYSTICK_Config)
    HAL_UART_Init                            0x08000cb5   Thumb Code   104  stm32f0xx_hal_uart.o(.text.HAL_UART_Init)
    HAL_UART_MspInit                         0x08000d1d   Thumb Code   100  stm32f0xx_hal_msp.o(.text.HAL_UART_MspInit)
    HardFault_Handler                        0x08000d81   Thumb Code     2  stm32f0xx_it.o(.text.HardFault_Handler)
    NMI_Handler                              0x08000d83   Thumb Code     2  stm32f0xx_it.o(.text.NMI_Handler)
    PendSV_Handler                           0x08000d85   Thumb Code     2  stm32f0xx_it.o(.text.PendSV_Handler)
    SVC_Handler                              0x08000d87   Thumb Code     2  stm32f0xx_it.o(.text.SVC_Handler)
    SysTick_Handler                          0x08000d89   Thumb Code     8  stm32f0xx_it.o(.text.SysTick_Handler)
    SystemInit                               0x08000d91   Thumb Code     2  system_stm32f0xx.o(.text.SystemInit)
    UART_AdvFeatureConfig                    0x08000d93   Thumb Code   184  stm32f0xx_hal_uart.o(.text.UART_AdvFeatureConfig)
    UART_CheckIdleState                      0x08000e4d   Thumb Code   104  stm32f0xx_hal_uart.o(.text.UART_CheckIdleState)
    UART_SetConfig                           0x08000eb5   Thumb Code   272  stm32f0xx_hal_uart.o(.text.UART_SetConfig)
    UART_WaitOnFlagUntilTimeout              0x08000fc5   Thumb Code   144  stm32f0xx_hal_uart.o(.text.UART_WaitOnFlagUntilTimeout)
    SystemClock_Config()                     0x08001055   Thumb Code    84  main.o(.text._Z18SystemClock_Configv)
    main                                     0x080010e9   Thumb Code   352  main.o(.text.main)
    AHBPrescTable                            0x08001248   Data          16  system_stm32f0xx.o(.rodata.AHBPrescTable)
    APBPrescTable                            0x08001258   Data           8  system_stm32f0xx.o(.rodata.APBPrescTable)
    Region$$Table$$Base                      0x08001260   Number         0  anon$$obj.o(Region$$Table)
    Region$$Table$$Limit                     0x08001280   Number         0  anon$$obj.o(Region$$Table)
    uwTickFreq                               0x20000000   Data           1  stm32f0xx_hal.o(.data..L_MergedGlobals)
    uwTickPrio                               0x20000004   Data           4  stm32f0xx_hal.o(.data..L_MergedGlobals)
    SystemCoreClock                          0x20000008   Data           4  system_stm32f0xx.o(.data.SystemCoreClock)
    __libspace_start                         0x20000010   Data          96  libspace.o(.bss)
    __temporary_stack_top$libspace           0x20000070   Data           0  libspace.o(.bss)
    huart1                                   0x20000070   Data         128  main.o(.bss.huart1)
    uwTick                                   0x200000f0   Data           4  stm32f0xx_hal.o(.bss.uwTick)



==============================================================================

Memory Map of the image

  Image Entry point : 0x080000b1

  Load Region LR_IROM1 (Base: 0x08000000, Size: 0x00001290, Max: 0x00008000, ABSOLUTE)

    Execution Region ER_IROM1 (Exec base: 0x08000000, Load base: 0x08000000, Size: 0x00001280, Max: 0x00008000, ABSOLUTE)

    Exec Addr    Load Addr    Size         Type   Attr      Idx    E Section Name        Object

    0x08000000   0x08000000   0x000000b0   Data   RO            3    RESET               startup_stm32f030x6.o
    0x080000b0   0x080000b0   0x00000008   Code   RO          769  * !!!main             c_p.l(__main.o)
    0x080000b8   0x080000b8   0x0000003c   Code   RO          944    !!!scatter          c_p.l(__scatter.o)
    0x080000f4   0x080000f4   0x0000001a   Code   RO          946    !!handler_copy      c_p.l(__scatter_copy.o)
    0x0800010e   0x0800010e   0x00000002   PAD
    0x08000110   0x08000110   0x0000001c   Code   RO          948    !!handler_zi        c_p.l(__scatter_zi.o)
    0x0800012c   0x0800012c   0x00000002   Code   RO          807    .ARM.Collect$$libinit$$00000000  c_p.l(libinit.o)
    0x0800012e   0x0800012e   0x00000000   Code   RO          821    .ARM.Collect$$libinit$$00000002  c_p.l(libinit2.o)
    0x0800012e   0x0800012e   0x00000000   Code   RO          823    .ARM.Collect$$libinit$$00000004  c_p.l(libinit2.o)
    0x0800012e   0x0800012e   0x00000000   Code   RO          826    .ARM.Collect$$libinit$$0000000A  c_p.l(libinit2.o)
    0x0800012e   0x0800012e   0x00000000   Code   RO          828    .ARM.Collect$$libinit$$0000000C  c_p.l(libinit2.o)
    0x0800012e   0x0800012e   0x00000000   Code   RO          830    .ARM.Collect$$libinit$$0000000E  c_p.l(libinit2.o)
    0x0800012e   0x0800012e   0x00000000   Code   RO          833    .ARM.Collect$$libinit$$00000011  c_p.l(libinit2.o)
    0x0800012e   0x0800012e   0x00000000   Code   RO          835    .ARM.Collect$$libinit$$00000013  c_p.l(libinit2.o)
    0x0800012e   0x0800012e   0x00000000   Code   RO          837    .ARM.Collect$$libinit$$00000015  c_p.l(libinit2.o)
    0x0800012e   0x0800012e   0x00000000   Code   RO          839    .ARM.Collect$$libinit$$00000017  c_p.l(libinit2.o)
    0x0800012e   0x0800012e   0x00000000   Code   RO          841    .ARM.Collect$$libinit$$00000019  c_p.l(libinit2.o)
    0x0800012e   0x0800012e   0x00000000   Code   RO          843    .ARM.Collect$$libinit$$0000001B  c_p.l(libinit2.o)
    0x0800012e   0x0800012e   0x00000000   Code   RO          845    .ARM.Collect$$libinit$$0000001D  c_p.l(libinit2.o)
    0x0800012e   0x0800012e   0x00000000   Code   RO          847    .ARM.Collect$$libinit$$0000001F  c_p.l(libinit2.o)
    0x0800012e   0x0800012e   0x00000000   Code   RO          849    .ARM.Collect$$libinit$$00000021  c_p.l(libinit2.o)
    0x0800012e   0x0800012e   0x00000000   Code   RO          851    .ARM.Collect$$libinit$$00000023  c_p.l(libinit2.o)
    0x0800012e   0x0800012e   0x00000000   Code   RO          853    .ARM.Collect$$libinit$$00000025  c_p.l(libinit2.o)
    0x0800012e   0x0800012e   0x00000000   Code   RO          857    .ARM.Collect$$libinit$$0000002C  c_p.l(libinit2.o)
    0x0800012e   0x0800012e   0x00000000   Code   RO          859    .ARM.Collect$$libinit$$0000002E  c_p.l(libinit2.o)
    0x0800012e   0x0800012e   0x00000000   Code   RO          861    .ARM.Collect$$libinit$$00000030  c_p.l(libinit2.o)
    0x0800012e   0x0800012e   0x00000000   Code   RO          863    .ARM.Collect$$libinit$$00000032  c_p.l(libinit2.o)
    0x0800012e   0x0800012e   0x00000002   Code   RO          864    .ARM.Collect$$libinit$$00000033  c_p.l(libinit2.o)
    0x08000130   0x08000130   0x00000002   Code   RO          899    .ARM.Collect$$libshutdown$$00000000  c_p.l(libshutdown.o)
    0x08000132   0x08000132   0x00000000   Code   RO          927    .ARM.Collect$$libshutdown$$00000002  c_p.l(libshutdown2.o)
    0x08000132   0x08000132   0x00000000   Code   RO          929    .ARM.Collect$$libshutdown$$00000004  c_p.l(libshutdown2.o)
    0x08000132   0x08000132   0x00000000   Code   RO          932    .ARM.Collect$$libshutdown$$00000007  c_p.l(libshutdown2.o)
    0x08000132   0x08000132   0x00000000   Code   RO          935    .ARM.Collect$$libshutdown$$0000000A  c_p.l(libshutdown2.o)
    0x08000132   0x08000132   0x00000000   Code   RO          937    .ARM.Collect$$libshutdown$$0000000C  c_p.l(libshutdown2.o)
    0x08000132   0x08000132   0x00000000   Code   RO          940    .ARM.Collect$$libshutdown$$0000000F  c_p.l(libshutdown2.o)
    0x08000132   0x08000132   0x00000002   Code   RO          941    .ARM.Collect$$libshutdown$$00000010  c_p.l(libshutdown2.o)
    0x08000134   0x08000134   0x00000000   Code   RO          771    .ARM.Collect$$rtentry$$00000000  c_p.l(__rtentry.o)
    0x08000134   0x08000134   0x00000000   Code   RO          777    .ARM.Collect$$rtentry$$00000002  c_p.l(__rtentry2.o)
    0x08000134   0x08000134   0x00000006   Code   RO          789    .ARM.Collect$$rtentry$$00000004  c_p.l(__rtentry4.o)
    0x0800013a   0x0800013a   0x00000000   Code   RO          779    .ARM.Collect$$rtentry$$00000009  c_p.l(__rtentry2.o)
    0x0800013a   0x0800013a   0x00000004   Code   RO          780    .ARM.Collect$$rtentry$$0000000A  c_p.l(__rtentry2.o)
    0x0800013e   0x0800013e   0x00000000   Code   RO          782    .ARM.Collect$$rtentry$$0000000C  c_p.l(__rtentry2.o)
    0x0800013e   0x0800013e   0x00000008   Code   RO          783    .ARM.Collect$$rtentry$$0000000D  c_p.l(__rtentry2.o)
    0x08000146   0x08000146   0x00000002   Code   RO          812    .ARM.Collect$$rtexit$$00000000  c_p.l(rtexit.o)
    0x08000148   0x08000148   0x00000000   Code   RO          870    .ARM.Collect$$rtexit$$00000002  c_p.l(rtexit2.o)
    0x08000148   0x08000148   0x00000004   Code   RO          871    .ARM.Collect$$rtexit$$00000003  c_p.l(rtexit2.o)
    0x0800014c   0x0800014c   0x00000006   Code   RO          872    .ARM.Collect$$rtexit$$00000004  c_p.l(rtexit2.o)
    0x08000152   0x08000152   0x00000002   PAD
    0x08000154   0x08000154   0x00000038   Code   RO            4    .text               startup_stm32f030x6.o
    0x0800018c   0x0800018c   0x00000040   Code   RO          761    .text               c_p.l(rt_memclr.o)
    0x080001cc   0x080001cc   0x0000015a   Code   RO          763    .text               c_p.l(aeabi_sdiv.o)
    0x08000326   0x08000326   0x00000006   Code   RO          767    .text               c_p.l(heapauxi.o)
    0x0800032c   0x0800032c   0x0000003e   Code   RO          793    .text               c_p.l(sys_stackheap_outer.o)
    0x0800036a   0x0800036a   0x00000010   Code   RO          796    .text               c_p.l(exit.o)
    0x0800037a   0x0800037a   0x00000002   PAD
    0x0800037c   0x0800037c   0x00000008   Code   RO          808    .text               c_p.l(libspace.o)
    0x08000384   0x08000384   0x0000000c   Code   RO          865    .text               c_p.l(sys_exit.o)
    0x08000390   0x08000390   0x00000002   Code   RO          888    .text               c_p.l(use_no_semi.o)
    0x08000392   0x08000392   0x00000000   Code   RO          890    .text               c_p.l(indicate_semi.o)
    0x08000392   0x08000392   0x0000000c   Code   RO           53    .text.EXTI4_15_IRQHandler  stm32f0xx_it.o
    0x0800039e   0x0800039e   0x00000002   Code   RO          533    .text.HAL_GPIO_EXTI_Callback  stm32f0xx_hal_gpio.o
    0x080003a0   0x080003a0   0x00000018   Code   RO          531    .text.HAL_GPIO_EXTI_IRQHandler  stm32f0xx_hal_gpio.o
    0x080003b8   0x080003b8   0x00000188   Code   RO          519    .text.HAL_GPIO_Init  stm32f0xx_hal_gpio.o
    0x08000540   0x08000540   0x0000000e   Code   RO          525    .text.HAL_GPIO_WritePin  stm32f0xx_hal_gpio.o
    0x0800054e   0x0800054e   0x00000002   PAD
    0x08000550   0x08000550   0x00000008   Code   RO          292    .text.HAL_GetTick   stm32f0xx_hal.o
    0x08000558   0x08000558   0x00000014   Code   RO          290    .text.HAL_IncTick   stm32f0xx_hal.o
    0x0800056c   0x0800056c   0x0000001c   Code   RO          280    .text.HAL_Init      stm32f0xx_hal.o
    0x08000588   0x08000588   0x00000040   Code   RO          282    .text.HAL_InitTick  stm32f0xx_hal.o
    0x080005c8   0x080005c8   0x0000002c   Code   RO           63    .text.HAL_MspInit   stm32f0xx_hal_msp.o
    0x080005f4   0x080005f4   0x00000018   Code   RO          583    .text.HAL_NVIC_EnableIRQ  stm32f0xx_hal_cortex.o
    0x0800060c   0x0800060c   0x00000008   Code   RO          579    .text.HAL_NVIC_SetPriority  stm32f0xx_hal_cortex.o
    0x08000614   0x08000614   0x00000100   Code   RO          265    .text.HAL_RCCEx_PeriphCLKConfig  stm32f0xx_hal_rcc_ex.o
    0x08000714   0x08000714   0x00000110   Code   RO          234    .text.HAL_RCC_ClockConfig  stm32f0xx_hal_rcc.o
    0x08000824   0x08000824   0x0000001c   Code   RO          246    .text.HAL_RCC_GetPCLK1Freq  stm32f0xx_hal_rcc.o
    0x08000840   0x08000840   0x00000064   Code   RO          236    .text.HAL_RCC_GetSysClockFreq  stm32f0xx_hal_rcc.o
    0x080008a4   0x080008a4   0x000003dc   Code   RO          232    .text.HAL_RCC_OscConfig  stm32f0xx_hal_rcc.o
    0x08000c80   0x08000c80   0x00000034   Code   RO          591    .text.HAL_SYSTICK_Config  stm32f0xx_hal_cortex.o
    0x08000cb4   0x08000cb4   0x00000068   Code   RO           90    .text.HAL_UART_Init  stm32f0xx_hal_uart.o
    0x08000d1c   0x08000d1c   0x00000064   Code   RO           65    .text.HAL_UART_MspInit  stm32f0xx_hal_msp.o
    0x08000d80   0x08000d80   0x00000002   Code   RO           45    .text.HardFault_Handler  stm32f0xx_it.o
    0x08000d82   0x08000d82   0x00000002   Code   RO           43    .text.NMI_Handler   stm32f0xx_it.o
    0x08000d84   0x08000d84   0x00000002   Code   RO           49    .text.PendSV_Handler  stm32f0xx_it.o
    0x08000d86   0x08000d86   0x00000002   Code   RO           47    .text.SVC_Handler   stm32f0xx_it.o
    0x08000d88   0x08000d88   0x00000008   Code   RO           51    .text.SysTick_Handler  stm32f0xx_it.o
    0x08000d90   0x08000d90   0x00000002   Code   RO          742    .text.SystemInit    system_stm32f0xx.o
    0x08000d92   0x08000d92   0x000000b8   Code   RO           96    .text.UART_AdvFeatureConfig  stm32f0xx_hal_uart.o
    0x08000e4a   0x08000e4a   0x00000002   PAD
    0x08000e4c   0x08000e4c   0x00000068   Code   RO           98    .text.UART_CheckIdleState  stm32f0xx_hal_uart.o
    0x08000eb4   0x08000eb4   0x00000110   Code   RO           94    .text.UART_SetConfig  stm32f0xx_hal_uart.o
    0x08000fc4   0x08000fc4   0x00000090   Code   RO          110    .text.UART_WaitOnFlagUntilTimeout  stm32f0xx_hal_uart.o
    0x08001054   0x08001054   0x00000054   Code   RO           28    .text._Z18SystemClock_Configv  main.o
    0x080010a8   0x080010a8   0x00000040   Code   RO          581    .text.__NVIC_SetPriority  stm32f0xx_hal_cortex.o
    0x080010e8   0x080010e8   0x00000160   Code   RO           26    .text.main          main.o
    0x08001248   0x08001248   0x00000010   Data   RO          747    .rodata.AHBPrescTable  system_stm32f0xx.o
    0x08001258   0x08001258   0x00000008   Data   RO          748    .rodata.APBPrescTable  system_stm32f0xx.o
    0x08001260   0x08001260   0x00000020   Data   RO          943    Region$$Table       anon$$obj.o


    Execution Region RW_IRAM1 (Exec base: 0x20000000, Load base: 0x08001280, Size: 0x000006f8, Max: 0x00001000, ABSOLUTE)

    Exec Addr    Load Addr    Size         Type   Attr      Idx    E Section Name        Object

    0x20000000   0x08001280   0x00000008   Data   RW          327    .data..L_MergedGlobals  stm32f0xx_hal.o
    0x20000008   0x08001288   0x00000004   Data   RW          746    .data.SystemCoreClock  system_stm32f0xx.o
    0x2000000c   0x0800128c   0x00000004   PAD
    0x20000010        -       0x00000060   Zero   RW          809    .bss                c_p.l(libspace.o)
    0x20000070        -       0x00000080   Zero   RW           32    .bss.huart1         main.o
    0x200000f0        -       0x00000004   Zero   RW          326    .bss.uwTick         stm32f0xx_hal.o
    0x200000f4   0x0800128c   0x00000004   PAD
    0x200000f8        -       0x00000200   Zero   RW            2    HEAP                startup_stm32f030x6.o
    0x200002f8        -       0x00000400   Zero   RW            1    STACK               startup_stm32f030x6.o


==============================================================================

Image component sizes


      Code (inc. data)   RO Data    RW Data    ZI Data      Debug   Object Name

       436         48          0          0        128       6167   main.o
        56         26        176          0       1536        604   startup_stm32f030x6.o
       120          8          0          8          4       5151   stm32f0xx_hal.o
       148         24          0          0          0       5147   stm32f0xx_hal_cortex.o
       432         28          0          0          0       4570   stm32f0xx_hal_gpio.o
       144         12          0          0          0       4306   stm32f0xx_hal_msp.o
      1388         76          0          0          0       7883   stm32f0xx_hal_rcc.o
       256         12          0          0          0       4129   stm32f0xx_hal_rcc_ex.o
       808         60          0          0          0      21662   stm32f0xx_hal_uart.o
        28          0          0          0          0       2148   stm32f0xx_it.o
         2          0         24          4          0       1611   system_stm32f0xx.o

    ----------------------------------------------------------------------
      3822        294        232         12       1676      63378   Object Totals
         0          0         32          0          0          0   (incl. Generated)
         4          0          0          0          8          0   (incl. Padding)

    ----------------------------------------------------------------------

      Code (inc. data)   RO Data    RW Data    ZI Data      Debug   Library Member Name

         8          0          0          0          0         68   __main.o
         0          0          0          0          0          0   __rtentry.o
        12          0          0          0          0          0   __rtentry2.o
         6          0          0          0          0          0   __rtentry4.o
        60          8          0          0          0          0   __scatter.o
        26          0          0          0          0          0   __scatter_copy.o
        28          0          0          0          0          0   __scatter_zi.o
       346          0          0          0          0         92   aeabi_sdiv.o
        16          0          0          0          0         68   exit.o
         6          0          0          0          0        136   heapauxi.o
         0          0          0          0          0          0   indicate_semi.o
         2          0          0          0          0          0   libinit.o
         2          0          0          0          0          0   libinit2.o
         2          0          0          0          0          0   libshutdown.o
         2          0          0          0          0          0   libshutdown2.o
         8          4          0          0         96         68   libspace.o
        64          0          0          0          0        108   rt_memclr.o
         2          0          0          0          0          0   rtexit.o
        10          0          0          0          0          0   rtexit2.o
        12          4          0          0          0         60   sys_exit.o
        62          0          0          0          0         80   sys_stackheap_outer.o
         2          0          0          0          0         68   use_no_semi.o

    ----------------------------------------------------------------------
       682         16          0          0         96        748   Library Totals
         6          0          0          0          0          0   (incl. Padding)

    ----------------------------------------------------------------------

      Code (inc. data)   RO Data    RW Data    ZI Data      Debug   Library Name

       676         16          0          0         96        748   c_p.l

    ----------------------------------------------------------------------
       682         16          0          0         96        748   Library Totals

    ----------------------------------------------------------------------

==============================================================================


      Code (inc. data)   RO Data    RW Data    ZI Data      Debug   

      4504        310        232         12       1772      63794   Grand Totals
      4504        310        232         12       1772      63794   ELF Image Totals
      4504        310        232         12          0          0   ROM Totals

==============================================================================

    Total RO  Size (Code + RO Data)                 4736 (   4.63kB)
    Total RW  Size (RW Data + ZI Data)              1784 (   1.74kB)
    Total ROM Size (Code + RO Data + RW Data)       4748 (   4.64kB)

==============================================================================

